Archive member included to satisfy reference by file (symbol)

c:/st/stm32cubeide_1.8.0/stm32cubeide/plugins/com.st.stm32cube.ide.mcu.externaltools.gnu-tools-for-stm32.9-2020-q2-update.win32_2.0.0.202105311346/tools/bin/../lib/gcc/arm-none-eabi/9.3.1/../../../../arm-none-eabi/lib/thumb/v7e-m+fp/hard\libc_nano.a(lib_a-errno.o)
                              ./Core/Src/syscalls.o (__errno)
c:/st/stm32cubeide_1.8.0/stm32cubeide/plugins/com.st.stm32cube.ide.mcu.externaltools.gnu-tools-for-stm32.9-2020-q2-update.win32_2.0.0.202105311346/tools/bin/../lib/gcc/arm-none-eabi/9.3.1/../../../../arm-none-eabi/lib/thumb/v7e-m+fp/hard\libc_nano.a(lib_a-exit.o)
                              c:/st/stm32cubeide_1.8.0/stm32cubeide/plugins/com.st.stm32cube.ide.mcu.externaltools.gnu-tools-for-stm32.9-2020-q2-update.win32_2.0.0.202105311346/tools/bin/../lib/gcc/arm-none-eabi/9.3.1/../../../../arm-none-eabi/lib/thumb/v7e-m+fp/hard/crt0.o (exit)
c:/st/stm32cubeide_1.8.0/stm32cubeide/plugins/com.st.stm32cube.ide.mcu.externaltools.gnu-tools-for-stm32.9-2020-q2-update.win32_2.0.0.202105311346/tools/bin/../lib/gcc/arm-none-eabi/9.3.1/../../../../arm-none-eabi/lib/thumb/v7e-m+fp/hard\libc_nano.a(lib_a-impure.o)
                              c:/st/stm32cubeide_1.8.0/stm32cubeide/plugins/com.st.stm32cube.ide.mcu.externaltools.gnu-tools-for-stm32.9-2020-q2-update.win32_2.0.0.202105311346/tools/bin/../lib/gcc/arm-none-eabi/9.3.1/../../../../arm-none-eabi/lib/thumb/v7e-m+fp/hard\libc_nano.a(lib_a-exit.o) (_global_impure_ptr)
c:/st/stm32cubeide_1.8.0/stm32cubeide/plugins/com.st.stm32cube.ide.mcu.externaltools.gnu-tools-for-stm32.9-2020-q2-update.win32_2.0.0.202105311346/tools/bin/../lib/gcc/arm-none-eabi/9.3.1/../../../../arm-none-eabi/lib/thumb/v7e-m+fp/hard\libc_nano.a(lib_a-init.o)
                              c:/st/stm32cubeide_1.8.0/stm32cubeide/plugins/com.st.stm32cube.ide.mcu.externaltools.gnu-tools-for-stm32.9-2020-q2-update.win32_2.0.0.202105311346/tools/bin/../lib/gcc/arm-none-eabi/9.3.1/../../../../arm-none-eabi/lib/thumb/v7e-m+fp/hard/crt0.o (__libc_init_array)
c:/st/stm32cubeide_1.8.0/stm32cubeide/plugins/com.st.stm32cube.ide.mcu.externaltools.gnu-tools-for-stm32.9-2020-q2-update.win32_2.0.0.202105311346/tools/bin/../lib/gcc/arm-none-eabi/9.3.1/../../../../arm-none-eabi/lib/thumb/v7e-m+fp/hard\libc_nano.a(lib_a-memset.o)
                              c:/st/stm32cubeide_1.8.0/stm32cubeide/plugins/com.st.stm32cube.ide.mcu.externaltools.gnu-tools-for-stm32.9-2020-q2-update.win32_2.0.0.202105311346/tools/bin/../lib/gcc/arm-none-eabi/9.3.1/../../../../arm-none-eabi/lib/thumb/v7e-m+fp/hard/crt0.o (memset)
c:/st/stm32cubeide_1.8.0/stm32cubeide/plugins/com.st.stm32cube.ide.mcu.externaltools.gnu-tools-for-stm32.9-2020-q2-update.win32_2.0.0.202105311346/tools/bin/../lib/gcc/arm-none-eabi/9.3.1/../../../../arm-none-eabi/lib/thumb/v7e-m+fp/hard\libc_nano.a(lib_a-sprintf.o)
                              ./Core/Src/main.o (sprintf)
c:/st/stm32cubeide_1.8.0/stm32cubeide/plugins/com.st.stm32cube.ide.mcu.externaltools.gnu-tools-for-stm32.9-2020-q2-update.win32_2.0.0.202105311346/tools/bin/../lib/gcc/arm-none-eabi/9.3.1/../../../../arm-none-eabi/lib/thumb/v7e-m+fp/hard\libc_nano.a(lib_a-nano-svfprintf.o)
                              c:/st/stm32cubeide_1.8.0/stm32cubeide/plugins/com.st.stm32cube.ide.mcu.externaltools.gnu-tools-for-stm32.9-2020-q2-update.win32_2.0.0.202105311346/tools/bin/../lib/gcc/arm-none-eabi/9.3.1/../../../../arm-none-eabi/lib/thumb/v7e-m+fp/hard\libc_nano.a(lib_a-sprintf.o) (_svfprintf_r)
c:/st/stm32cubeide_1.8.0/stm32cubeide/plugins/com.st.stm32cube.ide.mcu.externaltools.gnu-tools-for-stm32.9-2020-q2-update.win32_2.0.0.202105311346/tools/bin/../lib/gcc/arm-none-eabi/9.3.1/../../../../arm-none-eabi/lib/thumb/v7e-m+fp/hard\libc_nano.a(lib_a-nano-vfprintf_i.o)
                              c:/st/stm32cubeide_1.8.0/stm32cubeide/plugins/com.st.stm32cube.ide.mcu.externaltools.gnu-tools-for-stm32.9-2020-q2-update.win32_2.0.0.202105311346/tools/bin/../lib/gcc/arm-none-eabi/9.3.1/../../../../arm-none-eabi/lib/thumb/v7e-m+fp/hard\libc_nano.a(lib_a-nano-svfprintf.o) (_printf_i)
c:/st/stm32cubeide_1.8.0/stm32cubeide/plugins/com.st.stm32cube.ide.mcu.externaltools.gnu-tools-for-stm32.9-2020-q2-update.win32_2.0.0.202105311346/tools/bin/../lib/gcc/arm-none-eabi/9.3.1/../../../../arm-none-eabi/lib/thumb/v7e-m+fp/hard\libc_nano.a(lib_a-memchr.o)
                              c:/st/stm32cubeide_1.8.0/stm32cubeide/plugins/com.st.stm32cube.ide.mcu.externaltools.gnu-tools-for-stm32.9-2020-q2-update.win32_2.0.0.202105311346/tools/bin/../lib/gcc/arm-none-eabi/9.3.1/../../../../arm-none-eabi/lib/thumb/v7e-m+fp/hard\libc_nano.a(lib_a-nano-svfprintf.o) (memchr)
c:/st/stm32cubeide_1.8.0/stm32cubeide/plugins/com.st.stm32cube.ide.mcu.externaltools.gnu-tools-for-stm32.9-2020-q2-update.win32_2.0.0.202105311346/tools/bin/../lib/gcc/arm-none-eabi/9.3.1/../../../../arm-none-eabi/lib/thumb/v7e-m+fp/hard\libc_nano.a(lib_a-memcpy-stub.o)
[...]
Memory Configuration

Name             Origin             Length             Attributes
CCMRAM           0x0000000010000000 0x0000000000010000 xrw
RAM              0x0000000020000000 0x0000000000020000 xrw
FLASH            0x0000000008000000 0x0000000000080000 xr
*default*        0x0000000000000000 0xffffffffffffffff

Linker script and memory map

LOAD c:/st/stm32cubeide_1.8.0/stm32cubeide/plugins/com.st.stm32cube.ide.mcu.externaltools.gnu-tools-for-stm32.9-2020-q2-update.win32_2.0.0.202105311346/tools/bin/../lib/gcc/arm-none-eabi/9.3.1/thumb/v7e-m+fp/hard/crti.o
LOAD c:/st/stm32cubeide_1.8.0/stm32cubeide/plugins/com.st.stm32cube.ide.mcu.externaltools.gnu-tools-for-stm32.9-2020-q2-update.win32_2.0.0.202105311346/tools/bin/../lib/gcc/arm-none-eabi/9.3.1/thumb/v7e-m+fp/hard/crtbegin.o
LOAD c:/st/stm32cubeide_1.8.0/stm32cubeide/plugins/com.st.stm32cube.ide.mcu.externaltools.gnu-tools-for-stm32.9-2020-q2-update.win32_2.0.0.202105311346/tools/bin/../lib/gcc/arm-none-eabi/9.3.1/../../../../arm-none-eabi/lib/thumb/v7e-m+fp/hard/crt0.o
LOAD ./BSP/sevor/sevor.o
LOAD ./Core/Src/gpio.o
LOAD ./Core/Src/main.o
LOAD ./Core/Src/stm32f4xx_hal_msp.o
LOAD ./Core/Src/stm32f4xx_it.o
LOAD ./Core/Src/syscalls.o
LOAD ./Core/Src/sysmem.o
LOAD ./Core/Src/system_stm32f4xx.o
LOAD ./Core/Src/tim.o
LOAD ./Core/Src/usart.o
LOAD ./Core/Startup/startup_stm32f407vetx.o
LOAD ./Drivers/STM32F4xx_HAL_Driver/Src/stm32f4xx_hal.o
LOAD ./Drivers/STM32F4xx_HAL_Driver/Src/stm32f4xx_hal_cortex.o
LOAD ./Drivers/STM32F4xx_HAL_Driver/Src/stm32f4xx_hal_dma.o
LOAD ./Drivers/STM32F4xx_HAL_Driver/Src/stm32f4xx_hal_dma_ex.o
LOAD ./Drivers/STM32F4xx_HAL_Driver/Src/stm32f4xx_hal_exti.o
LOAD ./Drivers/STM32F4xx_HAL_Driver/Src/stm32f4xx_hal_flash.o
LOAD ./Drivers/STM32F4xx_HAL_Driver/Src/stm32f4xx_hal_flash_ex.o
LOAD ./Drivers/STM32F4xx_HAL_Driver/Src/stm32f4xx_hal_flash_ramfunc.o
LOAD ./Drivers/STM32F4xx_HAL_Driver/Src/stm32f4xx_hal_gpio.o
LOAD ./Drivers/STM32F4xx_HAL_Driver/Src/stm32f4xx_hal_pwr.o
LOAD ./Drivers/STM32F4xx_HAL_Driver/Src/stm32f4xx_hal_pwr_ex.o
LOAD ./Drivers/STM32F4xx_HAL_Driver/Src/stm32f4xx_hal_rcc.o
LOAD ./Drivers/STM32F4xx_HAL_Driver/Src/stm32f4xx_hal_rcc_ex.o
LOAD ./Drivers/STM32F4xx_HAL_Driver/Src/stm32f4xx_hal_tim.o
LOAD ./Drivers/STM32F4xx_HAL_Driver/Src/stm32f4xx_hal_tim_ex.o
LOAD ./Drivers/STM32F4xx_HAL_Driver/Src/stm32f4xx_hal_uart.o
LOAD ./icode/ZDT/ZDT.o
LOAD ./icode/delay/delay.o
LOAD ./icode/direct_m/direct_m.o
LOAD ./icode/ele/ele.o
LOAD ./icode/infrared/infrared.o
LOAD ./icode/motor/motor.o
LOAD ./icode/rubbish/rubbish.o
LOAD ./icode/tjc_usart/tjc_usart.o
START GROUP
LOAD c:/st/stm32cubeide_1.8.0/stm32cubeide/plugins/com.st.stm32cube.ide.mcu.externaltools.gnu-tools-for-stm32.9-2020-q2-update.win32_2.0.0.202105311346/tools/bin/../lib/gcc/arm-none-eabi/9.3.1/../../../../arm-none-eabi/lib/thumb/v7e-m+fp/hard\libc_nano.a
LOAD c:/st/stm32cubeide_1.8.0/stm32cubeide/plugins/com.st.stm32cube.ide.mcu.externaltools.gnu-tools-for-stm32.9-2020-q2-update.win32_2.0.0.202105311346/tools/bin/../lib/gcc/arm-none-eabi/9.3.1/../../../../arm-none-eabi/lib/thumb/v7e-m+fp/hard\libm.a
END GROUP
START GROUP
LOAD c:/st/stm32cubeide_1.8.0/stm32cubeide/plugins/com.st.stm32cube.ide.mcu.externaltools.gnu-tools-for-stm32.9-2020-q2-update.win32_2.0.0.202105311346/tools/bin/../lib/gcc/arm-none-eabi/9.3.1/thumb/v7e-m+fp/hard\libgcc.a
LOAD c:/st/stm32cubeide_1.8.0/stm32cubeide/plugins/com.st.stm32cube.ide.mcu.externaltools.gnu-tools-for-stm32.9-2020-q2-update.win32_2.0.0.202105311346/tools/bin/../lib/gcc/arm-none-eabi/9.3.1/../../../../arm-none-eabi/lib/thumb/v7e-m+fp/hard\libc_nano.a
END GROUP
START GROUP
LOAD c:/st/stm32cubeide_1.8.0/stm32cubeide/plugins/com.st.stm32cube.ide.mcu.externaltools.gnu-tools-for-stm32.9-2020-q2-update.win32_2.0.0.202105311346/tools/bin/../lib/gcc/arm-none-eabi/9.3.1/thumb/v7e-m+fp/hard\libgcc.a
LOAD c:/st/stm32cubeide_1.8.0/stm32cubeide/plugins/com.st.stm32cube.ide.mcu.externaltools.gnu-tools-for-stm32.9-2020-q2-update.win32_2.0.0.202105311346/tools/bin/../lib/gcc/arm-none-eabi/9.3.1/../../../../arm-none-eabi/lib/thumb/v7e-m+fp/hard\libc_nano.a
LOAD c:/st/stm32cubeide_1.8.0/stm32cubeide/plugins/com.st.stm32cube.ide.mcu.externaltools.gnu-tools-for-stm32.9-2020-q2-update.win32_2.0.0.202105311346/tools/bin/../lib/gcc/arm-none-eabi/9.3.1/../../../../arm-none-eabi/lib/thumb/v7e-m+fp/hard\libnosys.a
END GROUP
START GROUP
LOAD c:/st/stm32cubeide_1.8.0/stm32cubeide/plugins/com.st.stm32cube.ide.mcu.externaltools.gnu-tools-for-stm32.9-2020-q2-update.win32_2.0.0.202105311346/tools/bin/../lib/gcc/arm-none-eabi/9.3.1/thumb/v7e-m+fp/hard\libgcc.a
LOAD c:/st/stm32cubeide_1.8.0/stm32cubeide/plugins/com.st.stm32cube.ide.mcu.externaltools.gnu-tools-for-stm32.9-2020-q2-update.win32_2.0.0.202105311346/tools/bin/../lib/gcc/arm-none-eabi/9.3.1/../../../../arm-none-eabi/lib/thumb/v7e-m+fp/hard\libc_nano.a
LOAD c:/st/stm32cubeide_1.8.0/stm32cubeide/plugins/com.st.stm32cube.ide.mcu.externaltools.gnu-tools-for-stm32.9-2020-q2-update.win32_2.0.0.202105311346/tools/bin/../lib/gcc/arm-none-eabi/9.3.1/../../../../arm-none-eabi/lib/thumb/v7e-m+fp/hard\libnosys.a
END GROUP
LOAD c:/st/stm32cubeide_1.8.0/stm32cubeide/plugins/com.st.stm32cube.ide.mcu.externaltools.gnu-tools-for-stm32.9-2020-q2-update.win32_2.0.0.202105311346/tools/bin/../lib/gcc/arm-none-eabi/9.3.1/thumb/v7e-m+fp/hard/crtend.o
LOAD c:/st/stm32cubeide_1.8.0/stm32cubeide/plugins/com.st.stm32cube.ide.mcu.externaltools.gnu-tools-for-stm32.9-2020-q2-update.win32_2.0.0.202105311346/tools/bin/../lib/gcc/arm-none-eabi/9.3.1/thumb/v7e-m+fp/hard/crtn.o
                0x0000000020020000                _estack = (ORIGIN (RAM) + LENGTH (RAM))
                0x0000000000000200                _Min_Heap_Size = 0x200
                0x0000000000000400                _Min_Stack_Size = 0x400

.isr_vector     0x0000000008000000      0x188
                0x0000000008000000                . = ALIGN (0x4)
 *(.isr_vector)
 .isr_vector    0x0000000008000000      0x188 ./Core/Startup/startup_stm32f407vetx.o
                0x0000000008000000                g_pfnVectors
                0x0000000008000188                . = ALIGN (0x4)

.text           0x0000000008000190     0x6280
                0x0000000008000190                . = ALIGN (0x4)
 *(.text)
 .text          0x0000000008000190       0x40 c:/st/stm32cubeide_1.8.0/stm32cubeide/plugins/com.st.stm32cube.ide.mcu.externaltools.gnu-tools-for-stm32.9-2020-q2-update.win32_2.0.0.202105311346/tools/bin/../lib/gcc/arm-none-eabi/9.3.1/thumb/v7e-m+fp/hard/crtbegin.o
 .text          0x00000000080001d0       0xa0 c:/st/stm32cubeide_1.8.0/stm32cubeide/plugins/com.st.stm32cube.ide.mcu.externaltools.gnu-tools-for-stm32.9-2020-q2-update.win32_2.0.0.202105311346/tools/bin/../lib/gcc/arm-none-eabi/9.3.1/../../../../arm-none-eabi/lib/thumb/v7e-m+fp/hard\libc_nano.a(lib_a-memchr.o)
                0x00000000080001d0                memchr
 .text          0x0000000008000270      0x378 c:/st/stm32cubeide_1.8.0/stm32cubeide/plugins/com.st.stm32cube.ide.mcu.externaltools.gnu-tools-for-stm32.9-2020-q2-update.win32_2.0.0.202105311346/tools/bin/../lib/gcc/arm-none-eabi/9.3.1/thumb/v7e-m+fp/hard\libgcc.a(_arm_addsubdf3.o)
                0x0000000008000270                __aeabi_drsub
                0x0000000008000278                __aeabi_dsub
                0x0000000008000278                __subdf3
                0x000000000800027c                __aeabi_dadd
                0x000000000800027c                __adddf3
                0x00000000080004f4                __floatunsidf
                0x00000000080004f4                __aeabi_ui2d
                0x0000000008000514                __floatsidf
                0x0000000008000514                __aeabi_i2d
                0x0000000008000538                __aeabi_f2d
                0x0000000008000538                __extendsfdf2
                0x000000000800057c                __floatundidf
                0x000000000800057c                __aeabi_ul2d
                0x000000000800058c                __floatdidf
                0x000000000800058c                __aeabi_l2d
 .text          0x00000000080005e8      0x424 c:/st/stm32cubeide_1.8.0/stm32cubeide/plugins/com.st.stm32cube.ide.mcu.externaltools.gnu-tools-for-stm32.9-2020-q2-update.win32_2.0.0.202105311346/tools/bin/../lib/gcc/arm-none-eabi/9.3.1/thumb/v7e-m+fp/hard\libgcc.a(_arm_muldivdf3.o)
                0x00000000080005e8                __aeabi_dmul
                0x00000000080005e8                __muldf3
                0x000000000800083c                __divdf3
                0x000000000800083c                __aeabi_ddiv
 .text          0x0000000008000a0c       0xa0 c:/st/stm32cubeide_1.8.0/stm32cubeide/plugins/com.st.stm32cube.ide.mcu.externaltools.gnu-tools-for-stm32.9-2020-q2-update.win32_2.0.0.202105311346/tools/bin/../lib/gcc/arm-none-eabi/9.3.1/thumb/v7e-m+fp/hard\libgcc.a(_arm_truncdfsf2.o)
                0x0000000008000a0c                __truncdfsf2
                0x0000000008000a0c                __aeabi_d2f
 .text          0x0000000008000aac       0x30 c:/st/stm32cubeide_1.8.0/stm32cubeide/plugins/com.st.stm32cube.ide.mcu.externaltools.gnu-tools-for-stm32.9-2020-q2-update.win32_2.0.0.202105311346/tools/bin/../lib/gcc/arm-none-eabi/9.3.1/thumb/v7e-m+fp/hard\libgcc.a(_aeabi_uldivmod.o)
                0x0000000008000aac                __aeabi_uldivmod
 .text          0x0000000008000adc      0x2c4 c:/st/stm32cubeide_1.8.0/stm32cubeide/plugins/com.st.stm32cube.ide.mcu.externaltools.gnu-tools-for-stm32.9-2020-q2-update.win32_2.0.0.202105311346/tools/bin/../lib/gcc/arm-none-eabi/9.3.1/thumb/v7e-m+fp/hard\libgcc.a(_udivmoddi4.o)
                0x0000000008000adc                __udivmoddi4
 .text          0x0000000008000da0        0x4 c:/st/stm32cubeide_1.8.0/stm32cubeide/plugins/com.st.stm32cube.ide.mcu.externaltools.gnu-tools-for-stm32.9-2020-q2-update.win32_2.0.0.202105311346/tools/bin/../lib/gcc/arm-none-eabi/9.3.1/thumb/v7e-m+fp/hard\libgcc.a(_dvmd_tls.o)
                0x0000000008000da0                __aeabi_idiv0
                0x0000000008000da0                __aeabi_ldiv0
 *(.text*)
 .text.En       0x0000000008000da4       0x48 ./BSP/sevor/sevor.o
                0x0000000008000da4                En
 .text.HAL_TIM_OC_DelayElapsedCallback
                0x0000000008000dec      0x298 ./BSP/sevor/sevor.o
                0x0000000008000dec                HAL_TIM_OC_DelayElapsedCallback
 .text.MX_GPIO_Init
                0x0000000008001084      0x2a4 ./Core/Src/gpio.o
                0x0000000008001084                MX_GPIO_Init
 .text.HAL_GPIO_EXTI_Callback
                0x0000000008001328       0xf8 ./Core/Src/main.o
                0x0000000008001328                HAL_GPIO_EXTI_Callback
 .text.HAL_UART_RxCpltCallback
                0x0000000008001420      0x1dc ./Core/Src/main.o
                0x0000000008001420                HAL_UART_RxCpltCallback
 .text.full0    0x00000000080015fc       0x84 ./Core/Src/main.o
                0x00000000080015fc                full0
 .text.main     0x0000000008001680      0x230 ./Core/Src/main.o
                0x0000000008001680                main
 .text.SystemClock_Config
                0x00000000080018b0       0xd0 ./Core/Src/main.o
                0x00000000080018b0                SystemClock_Config
 .text.Error_Handler
                0x0000000008001980        0xa ./Core/Src/main.o
                0x0000000008001980                Error_Handler
 *fill*         0x000000000800198a        0x2 
 .text.HAL_MspInit
                0x000000000800198c       0x50 ./Core/Src/stm32f4xx_hal_msp.o
                0x000000000800198c                HAL_MspInit
 .text.NMI_Handler
                0x00000000080019dc        0x6 ./Core/Src/stm32f4xx_it.o
                0x00000000080019dc                NMI_Handler
 .text.HardFault_Handler
                0x00000000080019e2        0x6 ./Core/Src/stm32f4xx_it.o
                0x00000000080019e2                HardFault_Handler
 .text.MemManage_Handler
                0x00000000080019e8        0x6 ./Core/Src/stm32f4xx_it.o
                0x00000000080019e8                MemManage_Handler
 .text.BusFault_Handler
                0x00000000080019ee        0x6 ./Core/Src/stm32f4xx_it.o
                0x00000000080019ee                BusFault_Handler
 .text.UsageFault_Handler
                0x00000000080019f4        0x6 ./Core/Src/stm32f4xx_it.o
                0x00000000080019f4                UsageFault_Handler
 .text.SVC_Handler
                0x00000000080019fa        0xe ./Core/Src/stm32f4xx_it.o
                0x00000000080019fa                SVC_Handler
 .text.DebugMon_Handler
                0x0000000008001a08        0xe ./Core/Src/stm32f4xx_it.o
                0x0000000008001a08                DebugMon_Handler
 .text.PendSV_Handler
                0x0000000008001a16        0xe ./Core/Src/stm32f4xx_it.o
                0x0000000008001a16                PendSV_Handler
 .text.SysTick_Handler
                0x0000000008001a24        0xc ./Core/Src/stm32f4xx_it.o
                0x0000000008001a24                SysTick_Handler
 .text.EXTI0_IRQHandler
                0x0000000008001a30        0xe ./Core/Src/stm32f4xx_it.o
                0x0000000008001a30                EXTI0_IRQHandler
 .text.EXTI1_IRQHandler
                0x0000000008001a3e        0xe ./Core/Src/stm32f4xx_it.o
                0x0000000008001a3e                EXTI1_IRQHandler
 .text.EXTI2_IRQHandler
                0x0000000008001a4c        0xe ./Core/Src/stm32f4xx_it.o
                0x0000000008001a4c                EXTI2_IRQHandler
 .text.EXTI3_IRQHandler
                0x0000000008001a5a        0xe ./Core/Src/stm32f4xx_it.o
                0x0000000008001a5a                EXTI3_IRQHandler
 .text.EXTI4_IRQHandler
                0x0000000008001a68        0xe ./Core/Src/stm32f4xx_it.o
                0x0000000008001a68                EXTI4_IRQHandler
 .text.EXTI9_5_IRQHandler
                0x0000000008001a76       0x10 ./Core/Src/stm32f4xx_it.o
                0x0000000008001a76                EXTI9_5_IRQHandler
 *fill*         0x0000000008001a86        0x2 
 .text.TIM1_BRK_TIM9_IRQHandler
                0x0000000008001a88       0x1c ./Core/Src/stm32f4xx_it.o
                0x0000000008001a88                TIM1_BRK_TIM9_IRQHandler
 .text.TIM1_UP_TIM10_IRQHandler
                0x0000000008001aa4       0x14 ./Core/Src/stm32f4xx_it.o
                0x0000000008001aa4                TIM1_UP_TIM10_IRQHandler
 .text.USART1_IRQHandler
                0x0000000008001ab8       0x14 ./Core/Src/stm32f4xx_it.o
                0x0000000008001ab8                USART1_IRQHandler
 .text.USART2_IRQHandler
                0x0000000008001acc       0x14 ./Core/Src/stm32f4xx_it.o
                0x0000000008001acc                USART2_IRQHandler
 .text.USART3_IRQHandler
                0x0000000008001ae0       0x14 ./Core/Src/stm32f4xx_it.o
                0x0000000008001ae0                USART3_IRQHandler
 .text._sbrk    0x0000000008001af4       0x6c ./Core/Src/sysmem.o
                0x0000000008001af4                _sbrk
 .text.SystemInit
                0x0000000008001b60       0x24 ./Core/Src/system_stm32f4xx.o
                0x0000000008001b60                SystemInit
 .text.MX_TIM1_Init
                0x0000000008001b84      0x150 ./Core/Src/tim.o
                0x0000000008001b84                MX_TIM1_Init
 .text.MX_TIM2_Init
                0x0000000008001cd4       0xb0 ./Core/Src/tim.o
                0x0000000008001cd4                MX_TIM2_Init
 .text.MX_TIM3_Init
                0x0000000008001d84       0xc8 ./Core/Src/tim.o
                0x0000000008001d84                MX_TIM3_Init
 .text.MX_TIM9_Init
                0x0000000008001e4c       0xa0 ./Core/Src/tim.o
                0x0000000008001e4c                MX_TIM9_Init
 .text.HAL_TIM_PWM_MspInit
                0x0000000008001eec       0xf0 ./Core/Src/tim.o
                0x0000000008001eec                HAL_TIM_PWM_MspInit
 .text.HAL_TIM_MspPostInit
                0x0000000008001fdc      0x19c ./Core/Src/tim.o
                0x0000000008001fdc                HAL_TIM_MspPostInit
 .text.MX_USART1_UART_Init
                0x0000000008002178       0x54 ./Core/Src/usart.o
                0x0000000008002178                MX_USART1_UART_Init
 .text.MX_USART2_UART_Init
                0x00000000080021cc       0x54 ./Core/Src/usart.o
                0x00000000080021cc                MX_USART2_UART_Init
 .text.MX_USART3_UART_Init
                0x0000000008002220       0x54 ./Core/Src/usart.o
                0x0000000008002220                MX_USART3_UART_Init
 .text.HAL_UART_MspInit
                0x0000000008002274      0x198 ./Core/Src/usart.o
                0x0000000008002274                HAL_UART_MspInit
 .text.Reset_Handler
                0x000000000800240c       0x50 ./Core/Startup/startup_stm32f407vetx.o
                0x000000000800240c                Reset_Handler
 .text.Default_Handler
                0x000000000800245c        0x2 ./Core/Startup/startup_stm32f407vetx.o
                0x000000000800245c                RTC_Alarm_IRQHandler
                0x000000000800245c                HASH_RNG_IRQHandler
                0x000000000800245c                TIM8_CC_IRQHandler
                0x000000000800245c                TIM1_CC_IRQHandler
                0x000000000800245c                DMA2_Stream5_IRQHandler
                0x000000000800245c                DMA1_Stream5_IRQHandler
                0x000000000800245c                PVD_IRQHandler
                0x000000000800245c                SDIO_IRQHandler
                0x000000000800245c                TAMP_STAMP_IRQHandler
                0x000000000800245c                CAN2_RX1_IRQHandler
                0x000000000800245c                TIM8_TRG_COM_TIM14_IRQHandler
                0x000000000800245c                TIM8_UP_TIM13_IRQHandler
                0x000000000800245c                I2C3_ER_IRQHandler
                0x000000000800245c                I2C2_EV_IRQHandler
                0x000000000800245c                DMA1_Stream2_IRQHandler
                0x000000000800245c                CAN1_RX0_IRQHandler
                0x000000000800245c                FPU_IRQHandler
                0x000000000800245c                OTG_HS_WKUP_IRQHandler
                0x000000000800245c                CAN2_SCE_IRQHandler
                0x000000000800245c                DMA2_Stream2_IRQHandler
                0x000000000800245c                SPI1_IRQHandler
                0x000000000800245c                TIM6_DAC_IRQHandler
                0x000000000800245c                DCMI_IRQHandler
                0x000000000800245c                CAN2_RX0_IRQHandler
                0x000000000800245c                DMA2_Stream3_IRQHandler
                0x000000000800245c                USART6_IRQHandler
                0x000000000800245c                CAN1_RX1_IRQHandler
                0x000000000800245c                UART5_IRQHandler
                0x000000000800245c                DMA2_Stream0_IRQHandler
                0x000000000800245c                TIM4_IRQHandler
                0x000000000800245c                I2C1_EV_IRQHandler
                0x000000000800245c                DMA1_Stream6_IRQHandler
                0x000000000800245c                DMA1_Stream1_IRQHandler
                0x000000000800245c                UART4_IRQHandler
                0x000000000800245c                TIM3_IRQHandler
                0x000000000800245c                RCC_IRQHandler
                0x000000000800245c                TIM8_BRK_TIM12_IRQHandler
                0x000000000800245c                Default_Handler
                0x000000000800245c                EXTI15_10_IRQHandler
                0x000000000800245c                ADC_IRQHandler
                0x000000000800245c                DMA1_Stream7_IRQHandler
                0x000000000800245c                TIM7_IRQHandler
                0x000000000800245c                CAN2_TX_IRQHandler
                0x000000000800245c                TIM5_IRQHandler
                0x000000000800245c                DMA2_Stream7_IRQHandler
                0x000000000800245c                I2C3_EV_IRQHandler
                0x000000000800245c                RTC_WKUP_IRQHandler
                0x000000000800245c                ETH_WKUP_IRQHandler
                0x000000000800245c                SPI2_IRQHandler
                0x000000000800245c                OTG_HS_EP1_IN_IRQHandler
                0x000000000800245c                DMA1_Stream0_IRQHandler
                0x000000000800245c                CAN1_TX_IRQHandler
                0x000000000800245c                FSMC_IRQHandler
                0x000000000800245c                ETH_IRQHandler
                0x000000000800245c                OTG_HS_EP1_OUT_IRQHandler
                0x000000000800245c                WWDG_IRQHandler
                0x000000000800245c                TIM2_IRQHandler
                0x000000000800245c                OTG_FS_WKUP_IRQHandler
                0x000000000800245c                TIM1_TRG_COM_TIM11_IRQHandler
                0x000000000800245c                OTG_HS_IRQHandler
                0x000000000800245c                I2C2_ER_IRQHandler
                0x000000000800245c                DMA2_Stream1_IRQHandler
                0x000000000800245c                CAN1_SCE_IRQHandler
                0x000000000800245c                FLASH_IRQHandler
                0x000000000800245c                DMA2_Stream4_IRQHandler
                0x000000000800245c                OTG_FS_IRQHandler
                0x000000000800245c                SPI3_IRQHandler
                0x000000000800245c                DMA1_Stream4_IRQHandler
                0x000000000800245c                I2C1_ER_IRQHandler
                0x000000000800245c                DMA2_Stream6_IRQHandler
                0x000000000800245c                DMA1_Stream3_IRQHandler
 *fill*         0x000000000800245e        0x2 
 .text.HAL_Init
                0x0000000008002460       0x44 ./Drivers/STM32F4xx_HAL_Driver/Src/stm32f4xx_hal.o
                0x0000000008002460                HAL_Init
 .text.HAL_InitTick
                0x00000000080024a4       0x60 ./Drivers/STM32F4xx_HAL_Driver/Src/stm32f4xx_hal.o
                0x00000000080024a4                HAL_InitTick
 .text.HAL_IncTick
                0x0000000008002504       0x28 ./Drivers/STM32F4xx_HAL_Driver/Src/stm32f4xx_hal.o
                0x0000000008002504                HAL_IncTick
 .text.HAL_GetTick
                0x000000000800252c       0x18 ./Drivers/STM32F4xx_HAL_Driver/Src/stm32f4xx_hal.o
                0x000000000800252c                HAL_GetTick
 .text.HAL_Delay
                0x0000000008002544       0x48 ./Drivers/STM32F4xx_HAL_Driver/Src/stm32f4xx_hal.o
                0x0000000008002544                HAL_Delay
 .text.__NVIC_SetPriorityGrouping
                0x000000000800258c       0x48 ./Drivers/STM32F4xx_HAL_Driver/Src/stm32f4xx_hal_cortex.o
 .text.__NVIC_GetPriorityGrouping
                0x00000000080025d4       0x1c ./Drivers/STM32F4xx_HAL_Driver/Src/stm32f4xx_hal_cortex.o
 .text.__NVIC_EnableIRQ
                0x00000000080025f0       0x3c ./Drivers/STM32F4xx_HAL_Driver/Src/stm32f4xx_hal_cortex.o
 .text.__NVIC_SetPriority
                0x000000000800262c       0x54 ./Drivers/STM32F4xx_HAL_Driver/Src/stm32f4xx_hal_cortex.o
 .text.NVIC_EncodePriority
                0x0000000008002680       0x66 ./Drivers/STM32F4xx_HAL_Driver/Src/stm32f4xx_hal_cortex.o
 *fill*         0x00000000080026e6        0x2 
 .text.SysTick_Config
                0x00000000080026e8       0x44 ./Drivers/STM32F4xx_HAL_Driver/Src/stm32f4xx_hal_cortex.o
 .text.HAL_NVIC_SetPriorityGrouping
                0x000000000800272c       0x16 ./Drivers/STM32F4xx_HAL_Driver/Src/stm32f4xx_hal_cortex.o
                0x000000000800272c                HAL_NVIC_SetPriorityGrouping
 .text.HAL_NVIC_SetPriority
                0x0000000008002742       0x38 ./Drivers/STM32F4xx_HAL_Driver/Src/stm32f4xx_hal_cortex.o
                0x0000000008002742                HAL_NVIC_SetPriority
 .text.HAL_NVIC_EnableIRQ
                0x000000000800277a       0x1c ./Drivers/STM32F4xx_HAL_Driver/Src/stm32f4xx_hal_cortex.o
                0x000000000800277a                HAL_NVIC_EnableIRQ
 .text.HAL_SYSTICK_Config
                0x0000000008002796       0x18 ./Drivers/STM32F4xx_HAL_Driver/Src/stm32f4xx_hal_cortex.o
                0x0000000008002796                HAL_SYSTICK_Config
 .text.HAL_DMA_Abort
                0x00000000080027ae       0xe0 ./Drivers/STM32F4xx_HAL_Driver/Src/stm32f4xx_hal_dma.o
                0x00000000080027ae                HAL_DMA_Abort
 .text.HAL_DMA_Abort_IT
                0x000000000800288e       0x44 ./Drivers/STM32F4xx_HAL_Driver/Src/stm32f4xx_hal_dma.o
                0x000000000800288e                HAL_DMA_Abort_IT
 *fill*         0x00000000080028d2        0x2 
 .text.HAL_GPIO_Init
                0x00000000080028d4      0x338 ./Drivers/STM32F4xx_HAL_Driver/Src/stm32f4xx_hal_gpio.o
                0x00000000080028d4                HAL_GPIO_Init
 .text.HAL_GPIO_ReadPin
                0x0000000008002c0c       0x30 ./Drivers/STM32F4xx_HAL_Driver/Src/stm32f4xx_hal_gpio.o
                0x0000000008002c0c                HAL_GPIO_ReadPin
 .text.HAL_GPIO_WritePin
                0x0000000008002c3c       0x32 ./Drivers/STM32F4xx_HAL_Driver/Src/stm32f4xx_hal_gpio.o
                0x0000000008002c3c                HAL_GPIO_WritePin
 *fill*         0x0000000008002c6e        0x2 
 .text.HAL_GPIO_EXTI_IRQHandler
                0x0000000008002c70       0x30 ./Drivers/STM32F4xx_HAL_Driver/Src/stm32f4xx_hal_gpio.o
                0x0000000008002c70                HAL_GPIO_EXTI_IRQHandler
 .text.HAL_RCC_OscConfig
                0x0000000008002ca0      0x4f0 ./Drivers/STM32F4xx_HAL_Driver/Src/stm32f4xx_hal_rcc.o
                0x0000000008002ca0                HAL_RCC_OscConfig
 .text.HAL_RCC_ClockConfig
                0x0000000008003190      0x1cc ./Drivers/STM32F4xx_HAL_Driver/Src/stm32f4xx_hal_rcc.o
                0x0000000008003190                HAL_RCC_ClockConfig
 .text.HAL_RCC_GetSysClockFreq
                0x000000000800335c      0x1c4 ./Drivers/STM32F4xx_HAL_Driver/Src/stm32f4xx_hal_rcc.o
                0x000000000800335c                HAL_RCC_GetSysClockFreq
 .text.HAL_RCC_GetHCLKFreq
                0x0000000008003520       0x18 ./Drivers/STM32F4xx_HAL_Driver/Src/stm32f4xx_hal_rcc.o
                0x0000000008003520                HAL_RCC_GetHCLKFreq
 .text.HAL_RCC_GetPCLK1Freq
                0x0000000008003538       0x28 ./Drivers/STM32F4xx_HAL_Driver/Src/stm32f4xx_hal_rcc.o
                0x0000000008003538                HAL_RCC_GetPCLK1Freq
 .text.HAL_RCC_GetPCLK2Freq
                0x0000000008003560       0x28 ./Drivers/STM32F4xx_HAL_Driver/Src/stm32f4xx_hal_rcc.o
                0x0000000008003560                HAL_RCC_GetPCLK2Freq
 .text.HAL_TIM_OC_Stop_IT
                0x0000000008003588      0x17c ./Drivers/STM32F4xx_HAL_Driver/Src/stm32f4xx_hal_tim.o
                0x0000000008003588                HAL_TIM_OC_Stop_IT
 .text.HAL_TIM_PWM_Init
                0x0000000008003704       0x9e ./Drivers/STM32F4xx_HAL_Driver/Src/stm32f4xx_hal_tim.o
                0x0000000008003704                HAL_TIM_PWM_Init
 *fill*         0x00000000080037a2        0x2 
 .text.HAL_TIM_PWM_Start
                0x00000000080037a4      0x190 ./Drivers/STM32F4xx_HAL_Driver/Src/stm32f4xx_hal_tim.o
                0x00000000080037a4                HAL_TIM_PWM_Start
 .text.HAL_TIM_IRQHandler
                0x0000000008003934      0x210 ./Drivers/STM32F4xx_HAL_Driver/Src/stm32f4xx_hal_tim.o
                0x0000000008003934                HAL_TIM_IRQHandler
 .text.HAL_TIM_PWM_ConfigChannel
                0x0000000008003b44      0x184 ./Drivers/STM32F4xx_HAL_Driver/Src/stm32f4xx_hal_tim.o
                0x0000000008003b44                HAL_TIM_PWM_ConfigChannel
 .text.HAL_TIM_PeriodElapsedCallback
                0x0000000008003cc8       0x14 ./Drivers/STM32F4xx_HAL_Driver/Src/stm32f4xx_hal_tim.o
                0x0000000008003cc8                HAL_TIM_PeriodElapsedCallback
 .text.HAL_TIM_IC_CaptureCallback
                0x0000000008003cdc       0x14 ./Drivers/STM32F4xx_HAL_Driver/Src/stm32f4xx_hal_tim.o
                0x0000000008003cdc                HAL_TIM_IC_CaptureCallback
 .text.HAL_TIM_PWM_PulseFinishedCallback
                0x0000000008003cf0       0x14 ./Drivers/STM32F4xx_HAL_Driver/Src/stm32f4xx_hal_tim.o
                0x0000000008003cf0                HAL_TIM_PWM_PulseFinishedCallback
 .text.HAL_TIM_TriggerCallback
                0x0000000008003d04       0x14 ./Drivers/STM32F4xx_HAL_Driver/Src/stm32f4xx_hal_tim.o
                0x0000000008003d04                HAL_TIM_TriggerCallback
 .text.TIM_Base_SetConfig
                0x0000000008003d18      0x140 ./Drivers/STM32F4xx_HAL_Driver/Src/stm32f4xx_hal_tim.o
                0x0000000008003d18                TIM_Base_SetConfig
 .text.TIM_OC1_SetConfig
                0x0000000008003e58       0xe0 ./Drivers/STM32F4xx_HAL_Driver/Src/stm32f4xx_hal_tim.o
 .text.TIM_OC2_SetConfig
                0x0000000008003f38       0xec ./Drivers/STM32F4xx_HAL_Driver/Src/stm32f4xx_hal_tim.o
                0x0000000008003f38                TIM_OC2_SetConfig
 .text.TIM_OC3_SetConfig
                0x0000000008004024       0xe8 ./Drivers/STM32F4xx_HAL_Driver/Src/stm32f4xx_hal_tim.o
 .text.TIM_OC4_SetConfig
                0x000000000800410c       0xac ./Drivers/STM32F4xx_HAL_Driver/Src/stm32f4xx_hal_tim.o
 .text.TIM_CCxChannelCmd
                0x00000000080041b8       0x4a ./Drivers/STM32F4xx_HAL_Driver/Src/stm32f4xx_hal_tim.o
                0x00000000080041b8                TIM_CCxChannelCmd
 *fill*         0x0000000008004202        0x2 
 .text.HAL_TIMEx_MasterConfigSynchronization
                0x0000000008004204       0xf8 ./Drivers/STM32F4xx_HAL_Driver/Src/stm32f4xx_hal_tim_ex.o
                0x0000000008004204                HAL_TIMEx_MasterConfigSynchronization
 .text.HAL_TIMEx_ConfigBreakDeadTime
                0x00000000080042fc       0xa4 ./Drivers/STM32F4xx_HAL_Driver/Src/stm32f4xx_hal_tim_ex.o
                0x00000000080042fc                HAL_TIMEx_ConfigBreakDeadTime
 .text.HAL_TIMEx_CommutCallback
                0x00000000080043a0       0x14 ./Drivers/STM32F4xx_HAL_Driver/Src/stm32f4xx_hal_tim_ex.o
                0x00000000080043a0                HAL_TIMEx_CommutCallback
 .text.HAL_TIMEx_BreakCallback
                0x00000000080043b4       0x14 ./Drivers/STM32F4xx_HAL_Driver/Src/stm32f4xx_hal_tim_ex.o
                0x00000000080043b4                HAL_TIMEx_BreakCallback
 .text.HAL_UART_Init
                0x00000000080043c8       0x9a ./Drivers/STM32F4xx_HAL_Driver/Src/stm32f4xx_hal_uart.o
                0x00000000080043c8                HAL_UART_Init
 .text.HAL_UART_Transmit
                0x0000000008004462      0x124 ./Drivers/STM32F4xx_HAL_Driver/Src/stm32f4xx_hal_uart.o
                0x0000000008004462                HAL_UART_Transmit
 .text.HAL_UART_Transmit_IT
                0x0000000008004586       0x8a ./Drivers/STM32F4xx_HAL_Driver/Src/stm32f4xx_hal_uart.o
                0x0000000008004586                HAL_UART_Transmit_IT
 .text.HAL_UART_Receive_IT
                0x0000000008004610       0x60 ./Drivers/STM32F4xx_HAL_Driver/Src/stm32f4xx_hal_uart.o
                0x0000000008004610                HAL_UART_Receive_IT
 .text.HAL_UART_IRQHandler
                0x0000000008004670      0x51c ./Drivers/STM32F4xx_HAL_Driver/Src/stm32f4xx_hal_uart.o
                0x0000000008004670                HAL_UART_IRQHandler
 .text.HAL_UART_TxCpltCallback
                0x0000000008004b8c       0x14 ./Drivers/STM32F4xx_HAL_Driver/Src/stm32f4xx_hal_uart.o
                0x0000000008004b8c                HAL_UART_TxCpltCallback
 .text.HAL_UART_ErrorCallback
                0x0000000008004ba0       0x14 ./Drivers/STM32F4xx_HAL_Driver/Src/stm32f4xx_hal_uart.o
                0x0000000008004ba0                HAL_UART_ErrorCallback
 .text.HAL_UARTEx_RxEventCallback
                0x0000000008004bb4       0x18 ./Drivers/STM32F4xx_HAL_Driver/Src/stm32f4xx_hal_uart.o
                0x0000000008004bb4                HAL_UARTEx_RxEventCallback
 .text.UART_WaitOnFlagUntilTimeout
                0x0000000008004bcc       0xdc ./Drivers/STM32F4xx_HAL_Driver/Src/stm32f4xx_hal_uart.o
 .text.UART_Start_Receive_IT
                0x0000000008004ca8       0x74 ./Drivers/STM32F4xx_HAL_Driver/Src/stm32f4xx_hal_uart.o
                0x0000000008004ca8                UART_Start_Receive_IT
 .text.UART_EndRxTransfer
                0x0000000008004d1c       0xc6 ./Drivers/STM32F4xx_HAL_Driver/Src/stm32f4xx_hal_uart.o
 .text.UART_DMAAbortOnError
                0x0000000008004de2       0x28 ./Drivers/STM32F4xx_HAL_Driver/Src/stm32f4xx_hal_uart.o
 .text.UART_Transmit_IT
                0x0000000008004e0a       0xa0 ./Drivers/STM32F4xx_HAL_Driver/Src/stm32f4xx_hal_uart.o
 .text.UART_EndTransmit_IT
                0x0000000008004eaa       0x30 ./Drivers/STM32F4xx_HAL_Driver/Src/stm32f4xx_hal_uart.o
 .text.UART_Receive_IT
                0x0000000008004eda      0x176 ./Drivers/STM32F4xx_HAL_Driver/Src/stm32f4xx_hal_uart.o
 .text.UART_SetConfig
                0x0000000008005050      0x390 ./Drivers/STM32F4xx_HAL_Driver/Src/stm32f4xx_hal_uart.o
 .text.delay_us
                0x00000000080053e0       0x38 ./icode/delay/delay.o
                0x00000000080053e0                delay_us
 .text.Forward  0x0000000008005418       0x30 ./icode/direct_m/direct_m.o
                0x0000000008005418                Forward
 .text.Back     0x0000000008005448       0x30 ./icode/direct_m/direct_m.o
                0x0000000008005448                Back
 .text.Stop     0x0000000008005478       0x30 ./icode/direct_m/direct_m.o
                0x0000000008005478                Stop
 .text.dj1      0x00000000080054a8       0x50 ./icode/ele/ele.o
                0x00000000080054a8                dj1
 .text.dj2      0x00000000080054f8       0x64 ./icode/ele/ele.o
                0x00000000080054f8                dj2
 .text.dj3      0x000000000800555c       0x50 ./icode/ele/ele.o
                0x000000000800555c                dj3
 .text.dj4      0x00000000080055ac       0x18 ./icode/ele/ele.o
                0x00000000080055ac                dj4
 .text.dj5      0x00000000080055c4       0x18 ./icode/ele/ele.o
                0x00000000080055c4                dj5
 .text.dj6      0x00000000080055dc       0x18 ./icode/ele/ele.o
                0x00000000080055dc                dj6
 .text.Infrared
                0x00000000080055f4       0x5c ./icode/infrared/infrared.o
                0x00000000080055f4                Infrared
 .text.Servo_Control_up
                0x0000000008005650       0x70 ./icode/motor/motor.o
                0x0000000008005650                Servo_Control_up
 .text.Servo_Control_down
                0x00000000080056c0       0x70 ./icode/motor/motor.o
                0x00000000080056c0                Servo_Control_down
 .text.Servo_Control_a
                0x0000000008005730       0x70 ./icode/motor/motor.o
                0x0000000008005730                Servo_Control_a
 .text.Servo_Control_b
                0x00000000080057a0       0x70 ./icode/motor/motor.o
                0x00000000080057a0                Servo_Control_b
 .text.Servo_Control_c
                0x0000000008005810       0x70 ./icode/motor/motor.o
                0x0000000008005810                Servo_Control_c
 .text.Servo_Control_d
                0x0000000008005880       0x70 ./icode/motor/motor.o
                0x0000000008005880                Servo_Control_d
 .text.on       0x00000000080058f0       0x4c ./icode/motor/motor.o
                0x00000000080058f0                on
 .text.off      0x000000000800593c       0x48 ./icode/motor/motor.o
                0x000000000800593c                off
 .text.rubbish  0x0000000008005984       0xb0 ./icode/rubbish/rubbish.o
                0x0000000008005984                rubbish
 .text.uart_send_char
                0x0000000008005a34       0x38 ./icode/tjc_usart/tjc_usart.o
                0x0000000008005a34                uart_send_char
 .text.tjc_send_string
                0x0000000008005a6c       0x40 ./icode/tjc_usart/tjc_usart.o
                0x0000000008005a6c                tjc_send_string
 .text.initRingBuffer
                0x0000000008005aac       0x24 ./icode/tjc_usart/tjc_usart.o
                0x0000000008005aac                initRingBuffer
 .text.write1ByteToRingBuffer
                0x0000000008005ad0       0x68 ./icode/tjc_usart/tjc_usart.o
                0x0000000008005ad0                write1ByteToRingBuffer
 .text.__errno  0x0000000008005b38        0xc c:/st/stm32cubeide_1.8.0/stm32cubeide/plugins/com.st.stm32cube.ide.mcu.externaltools.gnu-tools-for-stm32.9-2020-q2-update.win32_2.0.0.202105311346/tools/bin/../lib/gcc/arm-none-eabi/9.3.1/../../../../arm-none-eabi/lib/thumb/v7e-m+fp/hard\libc_nano.a(lib_a-errno.o)
                0x0000000008005b38                __errno
 .text.__libc_init_array
                0x0000000008005b44       0x48 c:/st/stm32cubeide_1.8.0/stm32cubeide/plugins/com.st.stm32cube.ide.mcu.externaltools.gnu-tools-for-stm32.9-2020-q2-update.win32_2.0.0.202105311346/tools/bin/../lib/gcc/arm-none-eabi/9.3.1/../../../../arm-none-eabi/lib/thumb/v7e-m+fp/hard\libc_nano.a(lib_a-init.o)
                0x0000000008005b44                __libc_init_array
 .text.memset   0x0000000008005b8c       0x10 c:/st/stm32cubeide_1.8.0/stm32cubeide/plugins/com.st.stm32cube.ide.mcu.externaltools.gnu-tools-for-stm32.9-2020-q2-update.win32_2.0.0.202105311346/tools/bin/../lib/gcc/arm-none-eabi/9.3.1/../../../../arm-none-eabi/lib/thumb/v7e-m+fp/hard\libc_nano.a(lib_a-memset.o)
                0x0000000008005b8c                memset
 .text.sprintf  0x0000000008005b9c       0x40 c:/st/stm32cubeide_1.8.0/stm32cubeide/plugins/com.st.stm32cube.ide.mcu.externaltools.gnu-tools-for-stm32.9-2020-q2-update.win32_2.0.0.202105311346/tools/bin/../lib/gcc/arm-none-eabi/9.3.1/../../../../arm-none-eabi/lib/thumb/v7e-m+fp/hard\libc_nano.a(lib_a-sprintf.o)
                0x0000000008005b9c                siprintf
                0x0000000008005b9c                sprintf
 .text.__ssputs_r
                0x0000000008005bdc       0xb6 c:/st/stm32cubeide_1.8.0/stm32cubeide/plugins/com.st.stm32cube.ide.mcu.externaltools.gnu-tools-for-stm32.9-2020-q2-update.win32_2.0.0.202105311346/tools/bin/../lib/gcc/arm-none-eabi/9.3.1/../../../../arm-none-eabi/lib/thumb/v7e-m+fp/hard\libc_nano.a(lib_a-nano-svfprintf.o)
                0x0000000008005bdc                __ssputs_r
 *fill*         0x0000000008005c92        0x2 
 .text._svfprintf_r
                0x0000000008005c94      0x200 c:/st/stm32cubeide_1.8.0/stm32cubeide/plugins/com.st.stm32cube.ide.mcu.externaltools.gnu-tools-for-stm32.9-2020-q2-update.win32_2.0.0.202105311346/tools/bin/../lib/gcc/arm-none-eabi/9.3.1/../../../../arm-none-eabi/lib/thumb/v7e-m+fp/hard\libc_nano.a(lib_a-nano-svfprintf.o)
                0x0000000008005c94                _svfiprintf_r
                0x0000000008005c94                _svfprintf_r
 .text._printf_common
                0x0000000008005e94       0xda c:/st/stm32cubeide_1.8.0/stm32cubeide/plugins/com.st.stm32cube.ide.mcu.externaltools.gnu-tools-for-stm32.9-2020-q2-update.win32_2.0.0.202105311346/tools/bin/../lib/gcc/arm-none-eabi/9.3.1/../../../../arm-none-eabi/lib/thumb/v7e-m+fp/hard\libc_nano.a(lib_a-nano-vfprintf_i.o)
                0x0000000008005e94                _printf_common
 *fill*         0x0000000008005f6e        0x2 
 .text._printf_i
                0x0000000008005f70      0x24c c:/st/stm32cubeide_1.8.0/stm32cubeide/plugins/com.st.stm32cube.ide.mcu.externaltools.gnu-tools-for-stm32.9-2020-q2-update.win32_2.0.0.202105311346/tools/bin/../lib/gcc/arm-none-eabi/9.3.1/../../../../arm-none-eabi/lib/thumb/v7e-m+fp/hard\libc_nano.a(lib_a-nano-vfprintf_i.o)
                0x0000000008005f70                _printf_i
 .text.memcpy   0x00000000080061bc       0x1c c:/st/stm32cubeide_1.8.0/stm32cubeide/plugins/com.st.stm32cube.ide.mcu.externaltools.gnu-tools-for-stm32.9-2020-q2-update.win32_2.0.0.202105311346/tools/bin/../lib/gcc/arm-none-eabi/9.3.1/../../../../arm-none-eabi/lib/thumb/v7e-m+fp/hard\libc_nano.a(lib_a-memcpy-stub.o)
                0x00000000080061bc                memcpy
 .text.memmove  0x00000000080061d8       0x34 c:/st/stm32cubeide_1.8.0/stm32cubeide/plugins/com.st.stm32cube.ide.mcu.externaltools.gnu-tools-for-stm32.9-2020-q2-update.win32_2.0.0.202105311346/tools/bin/../lib/gcc/arm-none-eabi/9.3.1/../../../../arm-none-eabi/lib/thumb/v7e-m+fp/hard\libc_nano.a(lib_a-memmove.o)
                0x00000000080061d8                memmove
 .text._free_r  0x000000000800620c       0xa0 c:/st/stm32cubeide_1.8.0/stm32cubeide/plugins/com.st.stm32cube.ide.mcu.externaltools.gnu-tools-for-stm32.9-2020-q2-update.win32_2.0.0.202105311346/tools/bin/../lib/gcc/arm-none-eabi/9.3.1/../../../../arm-none-eabi/lib/thumb/v7e-m+fp/hard\libc_nano.a(lib_a-nano-freer.o)
                0x000000000800620c                _free_r
 .text._malloc_r
                0x00000000080062ac       0xb4 c:/st/stm32cubeide_1.8.0/stm32cubeide/plugins/com.st.stm32cube.ide.mcu.externaltools.gnu-tools-for-stm32.9-2020-q2-update.win32_2.0.0.202105311346/tools/bin/../lib/gcc/arm-none-eabi/9.3.1/../../../../arm-none-eabi/lib/thumb/v7e-m+fp/hard\libc_nano.a(lib_a-nano-mallocr.o)
                0x00000000080062ac                _malloc_r
 .text._realloc_r
                0x0000000008006360       0x4c c:/st/stm32cubeide_1.8.0/stm32cubeide/plugins/com.st.stm32cube.ide.mcu.externaltools.gnu-tools-for-stm32.9-2020-q2-update.win32_2.0.0.202105311346/tools/bin/../lib/gcc/arm-none-eabi/9.3.1/../../../../arm-none-eabi/lib/thumb/v7e-m+fp/hard\libc_nano.a(lib_a-nano-reallocr.o)
                0x0000000008006360                _realloc_r
 .text._sbrk_r  0x00000000080063ac       0x20 c:/st/stm32cubeide_1.8.0/stm32cubeide/plugins/com.st.stm32cube.ide.mcu.externaltools.gnu-tools-for-stm32.9-2020-q2-update.win32_2.0.0.202105311346/tools/bin/../lib/gcc/arm-none-eabi/9.3.1/../../../../arm-none-eabi/lib/thumb/v7e-m+fp/hard\libc_nano.a(lib_a-sbrkr.o)
                0x00000000080063ac                _sbrk_r
 .text.__malloc_lock
                0x00000000080063cc        0xc c:/st/stm32cubeide_1.8.0/stm32cubeide/plugins/com.st.stm32cube.ide.mcu.externaltools.gnu-tools-for-stm32.9-2020-q2-update.win32_2.0.0.202105311346/tools/bin/../lib/gcc/arm-none-eabi/9.3.1/../../../../arm-none-eabi/lib/thumb/v7e-m+fp/hard\libc_nano.a(lib_a-mlock.o)
                0x00000000080063cc                __malloc_lock
 .text.__malloc_unlock
                0x00000000080063d8        0xc c:/st/stm32cubeide_1.8.0/stm32cubeide/plugins/com.st.stm32cube.ide.mcu.externaltools.gnu-tools-for-stm32.9-2020-q2-update.win32_2.0.0.202105311346/tools/bin/../lib/gcc/arm-none-eabi/9.3.1/../../../../arm-none-eabi/lib/thumb/v7e-m+fp/hard\libc_nano.a(lib_a-mlock.o)
                0x00000000080063d8                __malloc_unlock
 .text._malloc_usable_size_r
                0x00000000080063e4       0x10 c:/st/stm32cubeide_1.8.0/stm32cubeide/plugins/com.st.stm32cube.ide.mcu.externaltools.gnu-tools-for-stm32.9-2020-q2-update.win32_2.0.0.202105311346/tools/bin/../lib/gcc/arm-none-eabi/9.3.1/../../../../arm-none-eabi/lib/thumb/v7e-m+fp/hard\libc_nano.a(lib_a-nano-msizer.o)
                0x00000000080063e4                _malloc_usable_size_r
 .text.__retarget_lock_acquire_recursive
                0x00000000080063f4        0x2 c:/st/stm32cubeide_1.8.0/stm32cubeide/plugins/com.st.stm32cube.ide.mcu.externaltools.gnu-tools-for-stm32.9-2020-q2-update.win32_2.0.0.202105311346/tools/bin/../lib/gcc/arm-none-eabi/9.3.1/../../../../arm-none-eabi/lib/thumb/v7e-m+fp/hard\libc_nano.a(lib_a-lock.o)
                0x00000000080063f4                __retarget_lock_acquire_recursive
 .text.__retarget_lock_release_recursive
                0x00000000080063f6        0x2 c:/st/stm32cubeide_1.8.0/stm32cubeide/plugins/com.st.stm32cube.ide.mcu.externaltools.gnu-tools-for-stm32.9-2020-q2-update.win32_2.0.0.202105311346/tools/bin/../lib/gcc/arm-none-eabi/9.3.1/../../../../arm-none-eabi/lib/thumb/v7e-m+fp/hard\libc_nano.a(lib_a-lock.o)
                0x00000000080063f6                __retarget_lock_release_recursive
 *(.glue_7)
 .glue_7        0x00000000080063f8        0x0 linker stubs
 *(.glue_7t)
 .glue_7t       0x00000000080063f8        0x0 linker stubs
 *(.eh_frame)
 .eh_frame      0x00000000080063f8        0x0 c:/st/stm32cubeide_1.8.0/stm32cubeide/plugins/com.st.stm32cube.ide.mcu.externaltools.gnu-tools-for-stm32.9-2020-q2-update.win32_2.0.0.202105311346/tools/bin/../lib/gcc/arm-none-eabi/9.3.1/thumb/v7e-m+fp/hard/crtbegin.o
 *(.init)
 .init          0x00000000080063f8        0x4 c:/st/stm32cubeide_1.8.0/stm32cubeide/plugins/com.st.stm32cube.ide.mcu.externaltools.gnu-tools-for-stm32.9-2020-q2-update.win32_2.0.0.202105311346/tools/bin/../lib/gcc/arm-none-eabi/9.3.1/thumb/v7e-m+fp/hard/crti.o
                0x00000000080063f8                _init
 .init          0x00000000080063fc        0x8 c:/st/stm32cubeide_1.8.0/stm32cubeide/plugins/com.st.stm32cube.ide.mcu.externaltools.gnu-tools-for-stm32.9-2020-q2-update.win32_2.0.0.202105311346/tools/bin/../lib/gcc/arm-none-eabi/9.3.1/thumb/v7e-m+fp/hard/crtn.o
 *(.fini)
 .fini          0x0000000008006404        0x4 c:/st/stm32cubeide_1.8.0/stm32cubeide/plugins/com.st.stm32cube.ide.mcu.externaltools.gnu-tools-for-stm32.9-2020-q2-update.win32_2.0.0.202105311346/tools/bin/../lib/gcc/arm-none-eabi/9.3.1/thumb/v7e-m+fp/hard/crti.o
                0x0000000008006404                _fini
 .fini          0x0000000008006408        0x8 c:/st/stm32cubeide_1.8.0/stm32cubeide/plugins/com.st.stm32cube.ide.mcu.externaltools.gnu-tools-for-stm32.9-2020-q2-update.win32_2.0.0.202105311346/tools/bin/../lib/gcc/arm-none-eabi/9.3.1/thumb/v7e-m+fp/hard/crtn.o
                0x0000000008006410                . = ALIGN (0x4)
                0x0000000008006410                _etext = .

.vfp11_veneer   0x0000000008006410        0x0
 .vfp11_veneer  0x0000000008006410        0x0 linker stubs

.v4_bx          0x0000000008006410        0x0
 .v4_bx         0x0000000008006410        0x0 linker stubs

.iplt           0x0000000008006410        0x0
 .iplt          0x0000000008006410        0x0 c:/st/stm32cubeide_1.8.0/stm32cubeide/plugins/com.st.stm32cube.ide.mcu.externaltools.gnu-tools-for-stm32.9-2020-q2-update.win32_2.0.0.202105311346/tools/bin/../lib/gcc/arm-none-eabi/9.3.1/thumb/v7e-m+fp/hard/crtbegin.o

.rodata         0x0000000008006410       0xd0
                0x0000000008006410                . = ALIGN (0x4)
 *(.rodata)
 .rodata        0x0000000008006410       0x53 ./Core/Src/main.o
 *fill*         0x0000000008006463        0x1 
 .rodata        0x0000000008006464       0x2f ./icode/rubbish/rubbish.o
 *(.rodata*)
 *fill*         0x0000000008006493        0x1 
 .rodata.AHBPrescTable
                0x0000000008006494       0x10 ./Core/Src/system_stm32f4xx.o
                0x0000000008006494                AHBPrescTable
 .rodata.APBPrescTable
                0x00000000080064a4        0x8 ./Core/Src/system_stm32f4xx.o
                0x00000000080064a4                APBPrescTable
 .rodata._svfprintf_r.str1.1
                0x00000000080064ac       0x11 c:/st/stm32cubeide_1.8.0/stm32cubeide/plugins/com.st.stm32cube.ide.mcu.externaltools.gnu-tools-for-stm32.9-2020-q2-update.win32_2.0.0.202105311346/tools/bin/../lib/gcc/arm-none-eabi/9.3.1/../../../../arm-none-eabi/lib/thumb/v7e-m+fp/hard\libc_nano.a(lib_a-nano-svfprintf.o)
 .rodata._printf_i.str1.1
                0x00000000080064bd       0x22 c:/st/stm32cubeide_1.8.0/stm32cubeide/plugins/com.st.stm32cube.ide.mcu.externaltools.gnu-tools-for-stm32.9-2020-q2-update.win32_2.0.0.202105311346/tools/bin/../lib/gcc/arm-none-eabi/9.3.1/../../../../arm-none-eabi/lib/thumb/v7e-m+fp/hard\libc_nano.a(lib_a-nano-vfprintf_i.o)
                0x00000000080064e0                . = ALIGN (0x4)
 *fill*         0x00000000080064df        0x1 

.ARM.extab      0x00000000080064e0        0x0
                0x00000000080064e0                . = ALIGN (0x4)
 *(.ARM.extab* .gnu.linkonce.armextab.*)
                0x00000000080064e0                . = ALIGN (0x4)

.ARM            0x00000000080064e0        0x8
                0x00000000080064e0                . = ALIGN (0x4)
                0x00000000080064e0                __exidx_start = .
 *(.ARM.exidx*)
 .ARM.exidx     0x00000000080064e0        0x8 c:/st/stm32cubeide_1.8.0/stm32cubeide/plugins/com.st.stm32cube.ide.mcu.externaltools.gnu-tools-for-stm32.9-2020-q2-update.win32_2.0.0.202105311346/tools/bin/../lib/gcc/arm-none-eabi/9.3.1/thumb/v7e-m+fp/hard\libgcc.a(_udivmoddi4.o)
                0x00000000080064e8                __exidx_end = .
                0x00000000080064e8                . = ALIGN (0x4)

.rel.dyn        0x00000000080064e8        0x0
 .rel.iplt      0x00000000080064e8        0x0 c:/st/stm32cubeide_1.8.0/stm32cubeide/plugins/com.st.stm32cube.ide.mcu.externaltools.gnu-tools-for-stm32.9-2020-q2-update.win32_2.0.0.202105311346/tools/bin/../lib/gcc/arm-none-eabi/9.3.1/thumb/v7e-m+fp/hard/crtbegin.o

.preinit_array  0x00000000080064e8        0x0
                0x00000000080064e8                . = ALIGN (0x4)
                0x00000000080064e8                PROVIDE (__preinit_array_start = .)
 *(.preinit_array*)
                0x00000000080064e8                PROVIDE (__preinit_array_end = .)
                0x00000000080064e8                . = ALIGN (0x4)

.init_array     0x00000000080064e8        0x4
                0x00000000080064e8                . = ALIGN (0x4)
                0x00000000080064e8                PROVIDE (__init_array_start = .)
 *(SORT_BY_NAME(.init_array.*))
 *(.init_array*)
 .init_array    0x00000000080064e8        0x4 c:/st/stm32cubeide_1.8.0/stm32cubeide/plugins/com.st.stm32cube.ide.mcu.externaltools.gnu-tools-for-stm32.9-2020-q2-update.win32_2.0.0.202105311346/tools/bin/../lib/gcc/arm-none-eabi/9.3.1/thumb/v7e-m+fp/hard/crtbegin.o
                0x00000000080064ec                PROVIDE (__init_array_end = .)
                0x00000000080064ec                . = ALIGN (0x4)

.fini_array     0x00000000080064ec        0x4
                0x00000000080064ec                . = ALIGN (0x4)
                [!provide]                        PROVIDE (__fini_array_start = .)
 *(SORT_BY_NAME(.fini_array.*))
 *(.fini_array*)
 .fini_array    0x00000000080064ec        0x4 c:/st/stm32cubeide_1.8.0/stm32cubeide/plugins/com.st.stm32cube.ide.mcu.externaltools.gnu-tools-for-stm32.9-2020-q2-update.win32_2.0.0.202105311346/tools/bin/../lib/gcc/arm-none-eabi/9.3.1/thumb/v7e-m+fp/hard/crtbegin.o
                [!provide]                        PROVIDE (__fini_array_end = .)
                0x00000000080064f0                . = ALIGN (0x4)
                0x00000000080064f0                _sidata = LOADADDR (.data)

.data           0x0000000020000000       0x8c load address 0x00000000080064f0
                0x0000000020000000                . = ALIGN (0x4)
                0x0000000020000000                _sdata = .
 *(.data)
 *(.data*)
 .data.g_srd    0x0000000020000000       0x18 ./BSP/sevor/sevor.o
                0x0000000020000000                g_srd
 .data.tr       0x0000000020000018        0x1 ./Core/Src/main.o
                0x0000000020000018                tr
 *fill*         0x0000000020000019        0x3 
 .data.SystemCoreClock
                0x000000002000001c        0x4 ./Core/Src/system_stm32f4xx.o
                0x000000002000001c                SystemCoreClock
 .data.uwTickPrio
                0x0000000020000020        0x4 ./Drivers/STM32F4xx_HAL_Driver/Src/stm32f4xx_hal.o
                0x0000000020000020                uwTickPrio
 .data.uwTickFreq
                0x0000000020000024        0x1 ./Drivers/STM32F4xx_HAL_Driver/Src/stm32f4xx_hal.o
                0x0000000020000024                uwTickFreq
 *fill*         0x0000000020000025        0x3 
 .data._impure_ptr
                0x0000000020000028        0x4 c:/st/stm32cubeide_1.8.0/stm32cubeide/plugins/com.st.stm32cube.ide.mcu.externaltools.gnu-tools-for-stm32.9-2020-q2-update.win32_2.0.0.202105311346/tools/bin/../lib/gcc/arm-none-eabi/9.3.1/../../../../arm-none-eabi/lib/thumb/v7e-m+fp/hard\libc_nano.a(lib_a-impure.o)
                0x0000000020000028                _impure_ptr
 .data.impure_data
                0x000000002000002c       0x60 c:/st/stm32cubeide_1.8.0/stm32cubeide/plugins/com.st.stm32cube.ide.mcu.externaltools.gnu-tools-for-stm32.9-2020-q2-update.win32_2.0.0.202105311346/tools/bin/../lib/gcc/arm-none-eabi/9.3.1/../../../../arm-none-eabi/lib/thumb/v7e-m+fp/hard\libc_nano.a(lib_a-impure.o)
 *(.RamFunc)
 *(.RamFunc*)
                0x000000002000008c                . = ALIGN (0x4)
                0x000000002000008c                _edata = .
                0x000000000800657c                _siccmram = LOADADDR (.ccmram)

.igot.plt       0x000000002000008c        0x0 load address 0x000000000800657c
 .igot.plt      0x000000002000008c        0x0 c:/st/stm32cubeide_1.8.0/stm32cubeide/plugins/com.st.stm32cube.ide.mcu.externaltools.gnu-tools-for-stm32.9-2020-q2-update.win32_2.0.0.202105311346/tools/bin/../lib/gcc/arm-none-eabi/9.3.1/thumb/v7e-m+fp/hard/crtbegin.o

.ccmram         0x0000000010000000        0x0 load address 0x000000000800657c
                0x0000000010000000                . = ALIGN (0x4)
                0x0000000010000000                _sccmram = .
 *(.ccmram)
 *(.ccmram*)
                0x0000000010000000                . = ALIGN (0x4)
                0x0000000010000000                _eccmram = .
                0x0000000010000000                . = ALIGN (0x4)

.bss            0x000000002000008c      0x4cc
                0x000000002000008c                _sbss = .
                0x000000002000008c                __bss_start__ = _sbss
 *(.bss)
 .bss           0x000000002000008c       0x1c c:/st/stm32cubeide_1.8.0/stm32cubeide/plugins/com.st.stm32cube.ide.mcu.externaltools.gnu-tools-for-stm32.9-2020-q2-update.win32_2.0.0.202105311346/tools/bin/../lib/gcc/arm-none-eabi/9.3.1/thumb/v7e-m+fp/hard/crtbegin.o
 *(.bss*)
 .bss.g_step_position
                0x00000000200000a8        0x4 ./BSP/sevor/sevor.o
                0x00000000200000a8                g_step_position
 .bss.g_motion_sta
                0x00000000200000ac        0x1 ./BSP/sevor/sevor.o
                0x00000000200000ac                g_motion_sta
 *fill*         0x00000000200000ad        0x3 
 .bss.g_add_pulse_count
                0x00000000200000b0        0x4 ./BSP/sevor/sevor.o
                0x00000000200000b0                g_add_pulse_count
 .bss.i.9822    0x00000000200000b4        0x1 ./BSP/sevor/sevor.o
 *fill*         0x00000000200000b5        0x3 
 .bss.step_count.9820
                0x00000000200000b8        0x4 ./BSP/sevor/sevor.o
 .bss.rest.9821
                0x00000000200000bc        0x4 ./BSP/sevor/sevor.o
 .bss.last_accel_delay.9819
                0x00000000200000c0        0x2 ./BSP/sevor/sevor.o
 *fill*         0x00000000200000c2        0x2 
 .bss.box       0x00000000200000c4        0x1 ./Core/Src/main.o
                0x00000000200000c4                box
 *fill*         0x00000000200000c5        0x3 
 .bss.rab       0x00000000200000c8        0x1 ./Core/Src/main.o
                0x00000000200000c8                rab
 *fill*         0x00000000200000c9        0x3 
 .bss.Red       0x00000000200000cc        0x8 ./Core/Src/main.o
                0x00000000200000cc                Red
 .bss.bin       0x00000000200000d4        0x2 ./Core/Src/main.o
                0x00000000200000d4                bin
 .bss.stop      0x00000000200000d6        0x1 ./Core/Src/main.o
                0x00000000200000d6                stop
 *fill*         0x00000000200000d7        0x1 
 .bss.flag      0x00000000200000d8        0x4 ./Core/Src/main.o
                0x00000000200000d8                flag
 .bss.send_flag
                0x00000000200000dc        0x1 ./Core/Src/main.o
                0x00000000200000dc                send_flag
 *fill*         0x00000000200000dd        0x3 
 .bss.last_debounce_time
                0x00000000200000e0        0x4 ./Core/Src/main.o
 .bss.__sbrk_heap_end
                0x00000000200000e4        0x4 ./Core/Src/sysmem.o
 .bss.__malloc_free_list
                0x00000000200000e8        0x4 c:/st/stm32cubeide_1.8.0/stm32cubeide/plugins/com.st.stm32cube.ide.mcu.externaltools.gnu-tools-for-stm32.9-2020-q2-update.win32_2.0.0.202105311346/tools/bin/../lib/gcc/arm-none-eabi/9.3.1/../../../../arm-none-eabi/lib/thumb/v7e-m+fp/hard\libc_nano.a(lib_a-nano-mallocr.o)
                0x00000000200000e8                __malloc_free_list
 .bss.__malloc_sbrk_start
                0x00000000200000ec        0x4 c:/st/stm32cubeide_1.8.0/stm32cubeide/plugins/com.st.stm32cube.ide.mcu.externaltools.gnu-tools-for-stm32.9-2020-q2-update.win32_2.0.0.202105311346/tools/bin/../lib/gcc/arm-none-eabi/9.3.1/../../../../arm-none-eabi/lib/thumb/v7e-m+fp/hard\libc_nano.a(lib_a-nano-mallocr.o)
                0x00000000200000ec                __malloc_sbrk_start
 *(COMMON)
 COMMON         0x00000000200000f0       0x68 ./Core/Src/main.o
                0x00000000200000f0                angle
                0x00000000200000f4                str
 COMMON         0x0000000020000158      0x120 ./Core/Src/tim.o
                0x0000000020000158                htim3
                0x00000000200001a0                htim1
                0x00000000200001e8                htim9
                0x0000000020000230                htim2
 COMMON         0x0000000020000278       0xcc ./Core/Src/usart.o
                0x0000000020000278                huart3
                0x00000000200002bc                huart1
                0x0000000020000300                huart2
 COMMON         0x0000000020000344        0x4 ./Drivers/STM32F4xx_HAL_Driver/Src/stm32f4xx_hal.o
                0x0000000020000344                uwTick
 COMMON         0x0000000020000348      0x1fe ./icode/tjc_usart/tjc_usart.o
                0x0000000020000348                RxBuffer
                0x000000002000034c                ringBuffer
 *fill*         0x0000000020000546        0x2 
 COMMON         0x0000000020000548        0x4 c:/st/stm32cubeide_1.8.0/stm32cubeide/plugins/com.st.stm32cube.ide.mcu.externaltools.gnu-tools-for-stm32.9-2020-q2-update.win32_2.0.0.202105311346/tools/bin/../lib/gcc/arm-none-eabi/9.3.1/../../../../arm-none-eabi/lib/thumb/v7e-m+fp/hard\libc_nano.a(lib_a-reent.o)
                0x0000000020000548                errno
 COMMON         0x000000002000054c        0x9 c:/st/stm32cubeide_1.8.0/stm32cubeide/plugins/com.st.stm32cube.ide.mcu.externaltools.gnu-tools-for-stm32.9-2020-q2-update.win32_2.0.0.202105311346/tools/bin/../lib/gcc/arm-none-eabi/9.3.1/../../../../arm-none-eabi/lib/thumb/v7e-m+fp/hard\libc_nano.a(lib_a-lock.o)
                0x000000002000054c                __lock___atexit_recursive_mutex
                0x000000002000054d                __lock___arc4random_mutex
                0x000000002000054e                __lock___env_recursive_mutex
                0x000000002000054f                __lock___sinit_recursive_mutex
                0x0000000020000550                __lock___malloc_recursive_mutex
                0x0000000020000551                __lock___at_quick_exit_mutex
                0x0000000020000552                __lock___dd_hash_mutex
                0x0000000020000553                __lock___tz_mutex
                0x0000000020000554                __lock___sfp_recursive_mutex
                0x0000000020000558                . = ALIGN (0x4)
 *fill*         0x0000000020000555        0x3 
                0x0000000020000558                _ebss = .
                0x0000000020000558                __bss_end__ = _ebss

._user_heap_stack
                0x0000000020000558      0x600
                0x0000000020000558                . = ALIGN (0x8)
                [!provide]                        PROVIDE (end = .)
                0x0000000020000558                PROVIDE (_end = .)
                0x0000000020000758                . = (. + _Min_Heap_Size)
 *fill*         0x0000000020000558      0x200 
                0x0000000020000b58                . = (. + _Min_Stack_Size)
 *fill*         0x0000000020000758      0x400 
                0x0000000020000b58                . = ALIGN (0x8)

/DISCARD/
 libc.a(*)
 libm.a(*)
 libgcc.a(*)

.ARM.attributes
                0x0000000000000000       0x30
 *(.ARM.attributes)
 .ARM.attributes
                0x0000000000000000       0x1e c:/st/stm32cubeide_1.8.0/stm32cubeide/plugins/com.st.stm32cube.ide.mcu.externaltools.gnu-tools-for-stm32.9-2020-q2-update.win32_2.0.0.202105311346/tools/bin/../lib/gcc/arm-none-eabi/9.3.1/thumb/v7e-m+fp/hard/crti.o
 .ARM.attributes
                0x000000000000001e       0x34 c:/st/stm32cubeide_1.8.0/stm32cubeide/plugins/com.st.stm32cube.ide.mcu.externaltools.gnu-tools-for-stm32.9-2020-q2-update.win32_2.0.0.202105311346/tools/bin/../lib/gcc/arm-none-eabi/9.3.1/thumb/v7e-m+fp/hard/crtbegin.o
 .ARM.attributes
                0x0000000000000052       0x34 ./BSP/sevor/sevor.o
 .ARM.attributes
                0x0000000000000086       0x34 ./Core/Src/gpio.o
 .ARM.attributes
                0x00000000000000ba       0x34 ./Core/Src/main.o
 .ARM.attributes
                0x00000000000000ee       0x34 ./Core/Src/stm32f4xx_hal_msp.o
 .ARM.attributes
                0x0000000000000122       0x34 ./Core/Src/stm32f4xx_it.o
 .ARM.attributes
                0x0000000000000156       0x34 ./Core/Src/sysmem.o
 .ARM.attributes
                0x000000000000018a       0x34 ./Core/Src/system_stm32f4xx.o
 .ARM.attributes
                0x00000000000001be       0x34 ./Core/Src/tim.o
 .ARM.attributes
                0x00000000000001f2       0x34 ./Core/Src/usart.o
 .ARM.attributes
                0x0000000000000226       0x21 ./Core/Startup/startup_stm32f407vetx.o
 .ARM.attributes
                0x0000000000000247       0x34 ./Drivers/STM32F4xx_HAL_Driver/Src/stm32f4xx_hal.o
 .ARM.attributes
                0x000000000000027b       0x34 ./Drivers/STM32F4xx_HAL_Driver/Src/stm32f4xx_hal_cortex.o
 .ARM.attributes
                0x00000000000002af       0x34 ./Drivers/STM32F4xx_HAL_Driver/Src/stm32f4xx_hal_dma.o
 .ARM.attributes
                0x00000000000002e3       0x34 ./Drivers/STM32F4xx_HAL_Driver/Src/stm32f4xx_hal_gpio.o
 .ARM.attributes
                0x0000000000000317       0x34 ./Drivers/STM32F4xx_HAL_Driver/Src/stm32f4xx_hal_rcc.o
 .ARM.attributes
                0x000000000000034b       0x34 ./Drivers/STM32F4xx_HAL_Driver/Src/stm32f4xx_hal_tim.o
 .ARM.attributes
                0x000000000000037f       0x34 ./Drivers/STM32F4xx_HAL_Driver/Src/stm32f4xx_hal_tim_ex.o
 .ARM.attributes
                0x00000000000003b3       0x34 ./Drivers/STM32F4xx_HAL_Driver/Src/stm32f4xx_hal_uart.o
 .ARM.attributes
                0x00000000000003e7       0x34 ./icode/delay/delay.o
 .ARM.attributes
                0x000000000000041b       0x34 ./icode/direct_m/direct_m.o
 .ARM.attributes
                0x000000000000044f       0x34 ./icode/ele/ele.o
 .ARM.attributes
                0x0000000000000483       0x34 ./icode/infrared/infrared.o
 .ARM.attributes
                0x00000000000004b7       0x34 ./icode/motor/motor.o
 .ARM.attributes
                0x00000000000004eb       0x34 ./icode/rubbish/rubbish.o
 .ARM.attributes
                0x000000000000051f       0x34 ./icode/tjc_usart/tjc_usart.o
 .ARM.attributes
                0x0000000000000553       0x34 c:/st/stm32cubeide_1.8.0/stm32cubeide/plugins/com.st.stm32cube.ide.mcu.externaltools.gnu-tools-for-stm32.9-2020-q2-update.win32_2.0.0.202105311346/tools/bin/../lib/gcc/arm-none-eabi/9.3.1/../../../../arm-none-eabi/lib/thumb/v7e-m+fp/hard\libc_nano.a(lib_a-errno.o)
 .ARM.attributes
                0x0000000000000587       0x32 c:/st/stm32cubeide_1.8.0/stm32cubeide/plugins/com.st.stm32cube.ide.mcu.externaltools.gnu-tools-for-stm32.9-2020-q2-update.win32_2.0.0.202105311346/tools/bin/../lib/gcc/arm-none-eabi/9.3.1/../../../../arm-none-eabi/lib/thumb/v7e-m+fp/hard\libc_nano.a(lib_a-impure.o)
 .ARM.attributes
                0x00000000000005b9       0x34 c:/st/stm32cubeide_1.8.0/stm32cubeide/plugins/com.st.stm32cube.ide.mcu.externaltools.gnu-tools-for-stm32.9-2020-q2-update.win32_2.0.0.202105311346/tools/bin/../lib/gcc/arm-none-eabi/9.3.1/../../../../arm-none-eabi/lib/thumb/v7e-m+fp/hard\libc_nano.a(lib_a-init.o)
 .ARM.attributes
                0x00000000000005ed       0x34 c:/st/stm32cubeide_1.8.0/stm32cubeide/plugins/com.st.stm32cube.ide.mcu.externaltools.gnu-tools-for-stm32.9-2020-q2-update.win32_2.0.0.202105311346/tools/bin/../lib/gcc/arm-none-eabi/9.3.1/../../../../arm-none-eabi/lib/thumb/v7e-m+fp/hard\libc_nano.a(lib_a-memset.o)
 .ARM.attributes
                0x0000000000000621       0x34 c:/st/stm32cubeide_1.8.0/stm32cubeide/plugins/com.st.stm32cube.ide.mcu.externaltools.gnu-tools-for-stm32.9-2020-q2-update.win32_2.0.0.202105311346/tools/bin/../lib/gcc/arm-none-eabi/9.3.1/../../../../arm-none-eabi/lib/thumb/v7e-m+fp/hard\libc_nano.a(lib_a-sprintf.o)
 .ARM.attributes
                0x0000000000000655       0x34 c:/st/stm32cubeide_1.8.0/stm32cubeide/plugins/com.st.stm32cube.ide.mcu.externaltools.gnu-tools-for-stm32.9-2020-q2-update.win32_2.0.0.202105311346/tools/bin/../lib/gcc/arm-none-eabi/9.3.1/../../../../arm-none-eabi/lib/thumb/v7e-m+fp/hard\libc_nano.a(lib_a-nano-svfprintf.o)
 .ARM.attributes
                0x0000000000000689       0x34 c:/st/stm32cubeide_1.8.0/stm32cubeide/plugins/com.st.stm32cube.ide.mcu.externaltools.gnu-tools-for-stm32.9-2020-q2-update.win32_2.0.0.202105311346/tools/bin/../lib/gcc/arm-none-eabi/9.3.1/../../../../arm-none-eabi/lib/thumb/v7e-m+fp/hard\libc_nano.a(lib_a-nano-vfprintf_i.o)
 .ARM.attributes
                0x00000000000006bd       0x1c c:/st/stm32cubeide_1.8.0/stm32cubeide/plugins/com.st.stm32cube.ide.mcu.externaltools.gnu-tools-for-stm32.9-2020-q2-update.win32_2.0.0.202105311346/tools/bin/../lib/gcc/arm-none-eabi/9.3.1/../../../../arm-none-eabi/lib/thumb/v7e-m+fp/hard\libc_nano.a(lib_a-memchr.o)
 .ARM.attributes
                0x00000000000006d9       0x34 c:/st/stm32cubeide_1.8.0/stm32cubeide/plugins/com.st.stm32cube.ide.mcu.externaltools.gnu-tools-for-stm32.9-2020-q2-update.win32_2.0.0.202105311346/tools/bin/../lib/gcc/arm-none-eabi/9.3.1/../../../../arm-none-eabi/lib/thumb/v7e-m+fp/hard\libc_nano.a(lib_a-memcpy-stub.o)
 .ARM.attributes
                0x000000000000070d       0x34 c:/st/stm32cubeide_1.8.0/stm32cubeide/plugins/com.st.stm32cube.ide.mcu.externaltools.gnu-tools-for-stm32.9-2020-q2-update.win32_2.0.0.202105311346/tools/bin/../lib/gcc/arm-none-eabi/9.3.1/../../../../arm-none-eabi/lib/thumb/v7e-m+fp/hard\libc_nano.a(lib_a-memmove.o)
 .ARM.attributes
                0x0000000000000741       0x34 c:/st/stm32cubeide_1.8.0/stm32cubeide/plugins/com.st.stm32cube.ide.mcu.externaltools.gnu-tools-for-stm32.9-2020-q2-update.win32_2.0.0.202105311346/tools/bin/../lib/gcc/arm-none-eabi/9.3.1/../../../../arm-none-eabi/lib/thumb/v7e-m+fp/hard\libc_nano.a(lib_a-nano-freer.o)
 .ARM.attributes
                0x0000000000000775       0x34 c:/st/stm32cubeide_1.8.0/stm32cubeide/plugins/com.st.stm32cube.ide.mcu.externaltools.gnu-tools-for-stm32.9-2020-q2-update.win32_2.0.0.202105311346/tools/bin/../lib/gcc/arm-none-eabi/9.3.1/../../../../arm-none-eabi/lib/thumb/v7e-m+fp/hard\libc_nano.a(lib_a-nano-mallocr.o)
 .ARM.attributes
                0x00000000000007a9       0x34 c:/st/stm32cubeide_1.8.0/stm32cubeide/plugins/com.st.stm32cube.ide.mcu.externaltools.gnu-tools-for-stm32.9-2020-q2-update.win32_2.0.0.202105311346/tools/bin/../lib/gcc/arm-none-eabi/9.3.1/../../../../arm-none-eabi/lib/thumb/v7e-m+fp/hard\libc_nano.a(lib_a-nano-reallocr.o)
 .ARM.attributes
                0x00000000000007dd       0x34 c:/st/stm32cubeide_1.8.0/stm32cubeide/plugins/com.st.stm32cube.ide.mcu.externaltools.gnu-tools-for-stm32.9-2020-q2-update.win32_2.0.0.202105311346/tools/bin/../lib/gcc/arm-none-eabi/9.3.1/../../../../arm-none-eabi/lib/thumb/v7e-m+fp/hard\libc_nano.a(lib_a-sbrkr.o)
 .ARM.attributes
                0x0000000000000811       0x34 c:/st/stm32cubeide_1.8.0/stm32cubeide/plugins/com.st.stm32cube.ide.mcu.externaltools.gnu-tools-for-stm32.9-2020-q2-update.win32_2.0.0.202105311346/tools/bin/../lib/gcc/arm-none-eabi/9.3.1/../../../../arm-none-eabi/lib/thumb/v7e-m+fp/hard\libc_nano.a(lib_a-mlock.o)
 .ARM.attributes
                0x0000000000000845       0x34 c:/st/stm32cubeide_1.8.0/stm32cubeide/plugins/com.st.stm32cube.ide.mcu.externaltools.gnu-tools-for-stm32.9-2020-q2-update.win32_2.0.0.202105311346/tools/bin/../lib/gcc/arm-none-eabi/9.3.1/../../../../arm-none-eabi/lib/thumb/v7e-m+fp/hard\libc_nano.a(lib_a-nano-msizer.o)
 .ARM.attributes
                0x0000000000000879       0x34 c:/st/stm32cubeide_1.8.0/stm32cubeide/plugins/com.st.stm32cube.ide.mcu.externaltools.gnu-tools-for-stm32.9-2020-q2-update.win32_2.0.0.202105311346/tools/bin/../lib/gcc/arm-none-eabi/9.3.1/../../../../arm-none-eabi/lib/thumb/v7e-m+fp/hard\libc_nano.a(lib_a-reent.o)
 .ARM.attributes
                0x00000000000008ad       0x34 c:/st/stm32cubeide_1.8.0/stm32cubeide/plugins/com.st.stm32cube.ide.mcu.externaltools.gnu-tools-for-stm32.9-2020-q2-update.win32_2.0.0.202105311346/tools/bin/../lib/gcc/arm-none-eabi/9.3.1/../../../../arm-none-eabi/lib/thumb/v7e-m+fp/hard\libc_nano.a(lib_a-lock.o)
 .ARM.attributes
                0x00000000000008e1       0x1e c:/st/stm32cubeide_1.8.0/stm32cubeide/plugins/com.st.stm32cube.ide.mcu.externaltools.gnu-tools-for-stm32.9-2020-q2-update.win32_2.0.0.202105311346/tools/bin/../lib/gcc/arm-none-eabi/9.3.1/thumb/v7e-m+fp/hard\libgcc.a(_arm_addsubdf3.o)
 .ARM.attributes
                0x00000000000008ff       0x1e c:/st/stm32cubeide_1.8.0/stm32cubeide/plugins/com.st.stm32cube.ide.mcu.externaltools.gnu-tools-for-stm32.9-2020-q2-update.win32_2.0.0.202105311346/tools/bin/../lib/gcc/arm-none-eabi/9.3.1/thumb/v7e-m+fp/hard\libgcc.a(_arm_muldivdf3.o)
 .ARM.attributes
                0x000000000000091d       0x1e c:/st/stm32cubeide_1.8.0/stm32cubeide/plugins/com.st.stm32cube.ide.mcu.externaltools.gnu-tools-for-stm32.9-2020-q2-update.win32_2.0.0.202105311346/tools/bin/../lib/gcc/arm-none-eabi/9.3.1/thumb/v7e-m+fp/hard\libgcc.a(_arm_truncdfsf2.o)
 .ARM.attributes
                0x000000000000093b       0x1e c:/st/stm32cubeide_1.8.0/stm32cubeide/plugins/com.st.stm32cube.ide.mcu.externaltools.gnu-tools-for-stm32.9-2020-q2-update.win32_2.0.0.202105311346/tools/bin/../lib/gcc/arm-none-eabi/9.3.1/thumb/v7e-m+fp/hard\libgcc.a(_aeabi_uldivmod.o)
 .ARM.attributes
                0x0000000000000959       0x34 c:/st/stm32cubeide_1.8.0/stm32cubeide/plugins/com.st.stm32cube.ide.mcu.externaltools.gnu-tools-for-stm32.9-2020-q2-update.win32_2.0.0.202105311346/tools/bin/../lib/gcc/arm-none-eabi/9.3.1/thumb/v7e-m+fp/hard\libgcc.a(_udivmoddi4.o)
 .ARM.attributes
                0x000000000000098d       0x1e c:/st/stm32cubeide_1.8.0/stm32cubeide/plugins/com.st.stm32cube.ide.mcu.externaltools.gnu-tools-for-stm32.9-2020-q2-update.win32_2.0.0.202105311346/tools/bin/../lib/gcc/arm-none-eabi/9.3.1/thumb/v7e-m+fp/hard\libgcc.a(_dvmd_tls.o)
 .ARM.attributes
                0x00000000000009ab       0x1e c:/st/stm32cubeide_1.8.0/stm32cubeide/plugins/com.st.stm32cube.ide.mcu.externaltools.gnu-tools-for-stm32.9-2020-q2-update.win32_2.0.0.202105311346/tools/bin/../lib/gcc/arm-none-eabi/9.3.1/thumb/v7e-m+fp/hard/crtn.o
OUTPUT(bin_main.elf elf32-littlearm)
LOAD linker stubs
LOAD c:/st/stm32cubeide_1.8.0/stm32cubeide/plugins/com.st.stm32cube.ide.mcu.externaltools.gnu-tools-for-stm32.9-2020-q2-update.win32_2.0.0.202105311346/tools/bin/../lib/gcc/arm-none-eabi/9.3.1/../../../../arm-none-eabi/lib/thumb/v7e-m+fp/hard\libc.a
LOAD c:/st/stm32cubeide_1.8.0/stm32cubeide/plugins/com.st.stm32cube.ide.mcu.externaltools.gnu-tools-for-stm32.9-2020-q2-update.win32_2.0.0.202105311346/tools/bin/../lib/gcc/arm-none-eabi/9.3.1/../../../../arm-none-eabi/lib/thumb/v7e-m+fp/hard\libm.a
LOAD c:/st/stm32cubeide_1.8.0/stm32cubeide/plugins/com.st.stm32cube.ide.mcu.externaltools.gnu-tools-for-stm32.9-2020-q2-update.win32_2.0.0.202105311346/tools/bin/../lib/gcc/arm-none-eabi/9.3.1/thumb/v7e-m+fp/hard\libgcc.a

.debug_info     0x0000000000000000    0x16f76
 .debug_info    0x0000000000000000     0x14ff ./BSP/sevor/sevor.o
 .debug_info    0x00000000000014ff      0x816 ./Core/Src/gpio.o
 .debug_info    0x0000000000001d15     0x1a8b ./Core/Src/main.o
 .debug_info    0x00000000000037a0      0x451 ./Core/Src/stm32f4xx_hal_msp.o
 .debug_info    0x0000000000003bf1      0xbe1 ./Core/Src/stm32f4xx_it.o
 .debug_info    0x00000000000047d2      0xa25 ./Core/Src/sysmem.o
 .debug_info    0x00000000000051f7      0x5a4 ./Core/Src/system_stm32f4xx.o
 .debug_info    0x000000000000579b     0x110a ./Core/Src/tim.o
 .debug_info    0x00000000000068a5      0xd9a ./Core/Src/usart.o
 .debug_info    0x000000000000763f       0x22 ./Core/Startup/startup_stm32f407vetx.o
 .debug_info    0x0000000000007661      0x9b2 ./Drivers/STM32F4xx_HAL_Driver/Src/stm32f4xx_hal.o
 .debug_info    0x0000000000008013      0xed7 ./Drivers/STM32F4xx_HAL_Driver/Src/stm32f4xx_hal_cortex.o
 .debug_info    0x0000000000008eea      0x9f1 ./Drivers/STM32F4xx_HAL_Driver/Src/stm32f4xx_hal_dma.o
 .debug_info    0x00000000000098db      0x83e ./Drivers/STM32F4xx_HAL_Driver/Src/stm32f4xx_hal_gpio.o
 .debug_info    0x000000000000a119      0x996 ./Drivers/STM32F4xx_HAL_Driver/Src/stm32f4xx_hal_rcc.o
 .debug_info    0x000000000000aaaf     0x2c22 ./Drivers/STM32F4xx_HAL_Driver/Src/stm32f4xx_hal_tim.o
 .debug_info    0x000000000000d6d1     0x15a2 ./Drivers/STM32F4xx_HAL_Driver/Src/stm32f4xx_hal_tim_ex.o
 .debug_info    0x000000000000ec73     0x31de ./Drivers/STM32F4xx_HAL_Driver/Src/stm32f4xx_hal_uart.o
 .debug_info    0x0000000000011e51      0x1b0 ./icode/delay/delay.o
 .debug_info    0x0000000000012001      0x92a ./icode/direct_m/direct_m.o
 .debug_info    0x000000000001292b      0x9b0 ./icode/ele/ele.o
 .debug_info    0x00000000000132db      0xfdf ./icode/infrared/infrared.o
 .debug_info    0x00000000000142ba      0x9b8 ./icode/motor/motor.o
 .debug_info    0x0000000000014c72      0xfd1 ./icode/rubbish/rubbish.o
 .debug_info    0x0000000000015c43     0x1333 ./icode/tjc_usart/tjc_usart.o

.debug_abbrev   0x0000000000000000     0x3248
 .debug_abbrev  0x0000000000000000      0x2ed ./BSP/sevor/sevor.o
 .debug_abbrev  0x00000000000002ed      0x16a ./Core/Src/gpio.o
 .debug_abbrev  0x0000000000000457      0x358 ./Core/Src/main.o
 .debug_abbrev  0x00000000000007af      0x130 ./Core/Src/stm32f4xx_hal_msp.o
 .debug_abbrev  0x00000000000008df      0x1a3 ./Core/Src/stm32f4xx_it.o
 .debug_abbrev  0x0000000000000a82      0x1bf ./Core/Src/sysmem.o
 .debug_abbrev  0x0000000000000c41      0x145 ./Core/Src/system_stm32f4xx.o
 .debug_abbrev  0x0000000000000d86      0x228 ./Core/Src/tim.o
 .debug_abbrev  0x0000000000000fae      0x1d7 ./Core/Src/usart.o
 .debug_abbrev  0x0000000000001185       0x12 ./Core/Startup/startup_stm32f407vetx.o
 .debug_abbrev  0x0000000000001197      0x1ed ./Drivers/STM32F4xx_HAL_Driver/Src/stm32f4xx_hal.o
 .debug_abbrev  0x0000000000001384      0x33c ./Drivers/STM32F4xx_HAL_Driver/Src/stm32f4xx_hal_cortex.o
 .debug_abbrev  0x00000000000016c0      0x259 ./Drivers/STM32F4xx_HAL_Driver/Src/stm32f4xx_hal_dma.o
 .debug_abbrev  0x0000000000001919      0x1f1 ./Drivers/STM32F4xx_HAL_Driver/Src/stm32f4xx_hal_gpio.o
 .debug_abbrev  0x0000000000001b0a      0x275 ./Drivers/STM32F4xx_HAL_Driver/Src/stm32f4xx_hal_rcc.o
 .debug_abbrev  0x0000000000001d7f      0x25e ./Drivers/STM32F4xx_HAL_Driver/Src/stm32f4xx_hal_tim.o
 .debug_abbrev  0x0000000000001fdd      0x266 ./Drivers/STM32F4xx_HAL_Driver/Src/stm32f4xx_hal_tim_ex.o
 .debug_abbrev  0x0000000000002243      0x2eb ./Drivers/STM32F4xx_HAL_Driver/Src/stm32f4xx_hal_uart.o
 .debug_abbrev  0x000000000000252e       0xda ./icode/delay/delay.o
 .debug_abbrev  0x0000000000002608      0x187 ./icode/direct_m/direct_m.o
 .debug_abbrev  0x000000000000278f      0x1b9 ./icode/ele/ele.o
 .debug_abbrev  0x0000000000002948      0x1ea ./icode/infrared/infrared.o
 .debug_abbrev  0x0000000000002b32      0x1df ./icode/motor/motor.o
 .debug_abbrev  0x0000000000002d11      0x1d9 ./icode/rubbish/rubbish.o
 .debug_abbrev  0x0000000000002eea      0x35e ./icode/tjc_usart/tjc_usart.o

.debug_aranges  0x0000000000000000      0xef8
 .debug_aranges
                0x0000000000000000       0x58 ./BSP/sevor/sevor.o
 .debug_aranges
                0x0000000000000058       0x20 ./Core/Src/gpio.o
 .debug_aranges
                0x0000000000000078       0x48 ./Core/Src/main.o
 .debug_aranges
                0x00000000000000c0       0x20 ./Core/Src/stm32f4xx_hal_msp.o
 .debug_aranges
                0x00000000000000e0       0xb8 ./Core/Src/stm32f4xx_it.o
 .debug_aranges
                0x0000000000000198       0x20 ./Core/Src/sysmem.o
 .debug_aranges
                0x00000000000001b8       0x28 ./Core/Src/system_stm32f4xx.o
 .debug_aranges
                0x00000000000001e0       0x50 ./Core/Src/tim.o
 .debug_aranges
                0x0000000000000230       0x40 ./Core/Src/usart.o
 .debug_aranges
                0x0000000000000270       0x28 ./Core/Startup/startup_stm32f407vetx.o
 .debug_aranges
                0x0000000000000298       0xf0 ./Drivers/STM32F4xx_HAL_Driver/Src/stm32f4xx_hal.o
 .debug_aranges
                0x0000000000000388      0x118 ./Drivers/STM32F4xx_HAL_Driver/Src/stm32f4xx_hal_cortex.o
 .debug_aranges
                0x00000000000004a0       0x90 ./Drivers/STM32F4xx_HAL_Driver/Src/stm32f4xx_hal_dma.o
 .debug_aranges
                0x0000000000000530       0x58 ./Drivers/STM32F4xx_HAL_Driver/Src/stm32f4xx_hal_gpio.o
 .debug_aranges
                0x0000000000000588       0x88 ./Drivers/STM32F4xx_HAL_Driver/Src/stm32f4xx_hal_rcc.o
 .debug_aranges
                0x0000000000000610      0x3d0 ./Drivers/STM32F4xx_HAL_Driver/Src/stm32f4xx_hal_tim.o
 .debug_aranges
                0x00000000000009e0      0x168 ./Drivers/STM32F4xx_HAL_Driver/Src/stm32f4xx_hal_tim_ex.o
 .debug_aranges
                0x0000000000000b48      0x200 ./Drivers/STM32F4xx_HAL_Driver/Src/stm32f4xx_hal_uart.o
 .debug_aranges
                0x0000000000000d48       0x20 ./icode/delay/delay.o
 .debug_aranges
                0x0000000000000d68       0x30 ./icode/direct_m/direct_m.o
 .debug_aranges
                0x0000000000000d98       0x48 ./icode/ele/ele.o
 .debug_aranges
                0x0000000000000de0       0x20 ./icode/infrared/infrared.o
 .debug_aranges
                0x0000000000000e00       0x58 ./icode/motor/motor.o
 .debug_aranges
                0x0000000000000e58       0x20 ./icode/rubbish/rubbish.o
 .debug_aranges
                0x0000000000000e78       0x80 ./icode/tjc_usart/tjc_usart.o

.debug_ranges   0x0000000000000000      0xdb8
 .debug_ranges  0x0000000000000000       0x48 ./BSP/sevor/sevor.o
 .debug_ranges  0x0000000000000048       0x10 ./Core/Src/gpio.o
 .debug_ranges  0x0000000000000058       0x50 ./Core/Src/main.o
 .debug_ranges  0x00000000000000a8       0x10 ./Core/Src/stm32f4xx_hal_msp.o
 .debug_ranges  0x00000000000000b8       0xa8 ./Core/Src/stm32f4xx_it.o
 .debug_ranges  0x0000000000000160       0x10 ./Core/Src/sysmem.o
 .debug_ranges  0x0000000000000170       0x18 ./Core/Src/system_stm32f4xx.o
 .debug_ranges  0x0000000000000188       0x40 ./Core/Src/tim.o
 .debug_ranges  0x00000000000001c8       0x30 ./Core/Src/usart.o
 .debug_ranges  0x00000000000001f8       0x20 ./Core/Startup/startup_stm32f407vetx.o
 .debug_ranges  0x0000000000000218       0xe0 ./Drivers/STM32F4xx_HAL_Driver/Src/stm32f4xx_hal.o
 .debug_ranges  0x00000000000002f8      0x108 ./Drivers/STM32F4xx_HAL_Driver/Src/stm32f4xx_hal_cortex.o
 .debug_ranges  0x0000000000000400       0x80 ./Drivers/STM32F4xx_HAL_Driver/Src/stm32f4xx_hal_dma.o
 .debug_ranges  0x0000000000000480       0x48 ./Drivers/STM32F4xx_HAL_Driver/Src/stm32f4xx_hal_gpio.o
 .debug_ranges  0x00000000000004c8       0x78 ./Drivers/STM32F4xx_HAL_Driver/Src/stm32f4xx_hal_rcc.o
 .debug_ranges  0x0000000000000540      0x3c0 ./Drivers/STM32F4xx_HAL_Driver/Src/stm32f4xx_hal_tim.o
 .debug_ranges  0x0000000000000900      0x158 ./Drivers/STM32F4xx_HAL_Driver/Src/stm32f4xx_hal_tim_ex.o
 .debug_ranges  0x0000000000000a58      0x220 ./Drivers/STM32F4xx_HAL_Driver/Src/stm32f4xx_hal_uart.o
 .debug_ranges  0x0000000000000c78       0x10 ./icode/delay/delay.o
 .debug_ranges  0x0000000000000c88       0x20 ./icode/direct_m/direct_m.o
 .debug_ranges  0x0000000000000ca8       0x38 ./icode/ele/ele.o
 .debug_ranges  0x0000000000000ce0       0x10 ./icode/infrared/infrared.o
 .debug_ranges  0x0000000000000cf0       0x48 ./icode/motor/motor.o
 .debug_ranges  0x0000000000000d38       0x10 ./icode/rubbish/rubbish.o
 .debug_ranges  0x0000000000000d48       0x70 ./icode/tjc_usart/tjc_usart.o

.debug_macro    0x0000000000000000    0x23071
 .debug_macro   0x0000000000000000      0x376 ./BSP/sevor/sevor.o
 .debug_macro   0x0000000000000376      0xaa8 ./BSP/sevor/sevor.o
 .debug_macro   0x0000000000000e1e      0x29b ./BSP/sevor/sevor.o
 .debug_macro   0x00000000000010b9       0x2e ./BSP/sevor/sevor.o
 .debug_macro   0x00000000000010e7       0x2f ./BSP/sevor/sevor.o
 .debug_macro   0x0000000000001116       0x22 ./BSP/sevor/sevor.o
 .debug_macro   0x0000000000001138       0x8e ./BSP/sevor/sevor.o
 .debug_macro   0x00000000000011c6       0x51 ./BSP/sevor/sevor.o
 .debug_macro   0x0000000000001217      0x103 ./BSP/sevor/sevor.o
 .debug_macro   0x000000000000131a       0x6a ./BSP/sevor/sevor.o
 .debug_macro   0x0000000000001384      0x1df ./BSP/sevor/sevor.o
 .debug_macro   0x0000000000001563       0x1c ./BSP/sevor/sevor.o
 .debug_macro   0x000000000000157f       0x22 ./BSP/sevor/sevor.o
 .debug_macro   0x00000000000015a1       0xdf ./BSP/sevor/sevor.o
 .debug_macro   0x0000000000001680     0x102d ./BSP/sevor/sevor.o
 .debug_macro   0x00000000000026ad      0x11f ./BSP/sevor/sevor.o
 .debug_macro   0x00000000000027cc    0x15e58 ./BSP/sevor/sevor.o
 .debug_macro   0x0000000000018624       0x6d ./BSP/sevor/sevor.o
 .debug_macro   0x0000000000018691     0x3666 ./BSP/sevor/sevor.o
 .debug_macro   0x000000000001bcf7      0x174 ./BSP/sevor/sevor.o
 .debug_macro   0x000000000001be6b       0x5c ./BSP/sevor/sevor.o
 .debug_macro   0x000000000001bec7      0x96b ./BSP/sevor/sevor.o
 .debug_macro   0x000000000001c832      0x9fe ./BSP/sevor/sevor.o
 .debug_macro   0x000000000001d230      0x116 ./BSP/sevor/sevor.o
 .debug_macro   0x000000000001d346      0x13e ./BSP/sevor/sevor.o
 .debug_macro   0x000000000001d484       0xa5 ./BSP/sevor/sevor.o
 .debug_macro   0x000000000001d529      0x174 ./BSP/sevor/sevor.o
 .debug_macro   0x000000000001d69d      0x287 ./BSP/sevor/sevor.o
 .debug_macro   0x000000000001d924       0x5f ./BSP/sevor/sevor.o
 .debug_macro   0x000000000001d983      0x236 ./BSP/sevor/sevor.o
 .debug_macro   0x000000000001dbb9      0x12c ./BSP/sevor/sevor.o
 .debug_macro   0x000000000001dce5      0x21e ./BSP/sevor/sevor.o
 .debug_macro   0x000000000001df03       0x2e ./BSP/sevor/sevor.o
 .debug_macro   0x000000000001df31      0x11a ./BSP/sevor/sevor.o
 .debug_macro   0x000000000001e04b       0x7e ./BSP/sevor/sevor.o
 .debug_macro   0x000000000001e0c9       0x89 ./BSP/sevor/sevor.o
 .debug_macro   0x000000000001e152      0x8d1 ./BSP/sevor/sevor.o
 .debug_macro   0x000000000001ea23       0x47 ./BSP/sevor/sevor.o
 .debug_macro   0x000000000001ea6a      0x295 ./BSP/sevor/sevor.o
 .debug_macro   0x000000000001ecff      0x12d ./BSP/sevor/sevor.o
 .debug_macro   0x000000000001ee2c       0xf4 ./BSP/sevor/sevor.o
 .debug_macro   0x000000000001ef20       0x58 ./BSP/sevor/sevor.o
 .debug_macro   0x000000000001ef78       0x52 ./BSP/sevor/sevor.o
 .debug_macro   0x000000000001efca       0x18 ./BSP/sevor/sevor.o
 .debug_macro   0x000000000001efe2       0x3c ./BSP/sevor/sevor.o
 .debug_macro   0x000000000001f01e       0x34 ./BSP/sevor/sevor.o
 .debug_macro   0x000000000001f052       0x16 ./BSP/sevor/sevor.o
 .debug_macro   0x000000000001f068       0x35 ./BSP/sevor/sevor.o
 .debug_macro   0x000000000001f09d      0x333 ./BSP/sevor/sevor.o
 .debug_macro   0x000000000001f3d0       0x10 ./BSP/sevor/sevor.o
 .debug_macro   0x000000000001f3e0       0x16 ./BSP/sevor/sevor.o
 .debug_macro   0x000000000001f3f6       0x43 ./BSP/sevor/sevor.o
 .debug_macro   0x000000000001f439       0x34 ./BSP/sevor/sevor.o
 .debug_macro   0x000000000001f46d       0x10 ./BSP/sevor/sevor.o
 .debug_macro   0x000000000001f47d       0x58 ./BSP/sevor/sevor.o
 .debug_macro   0x000000000001f4d5       0x71 ./BSP/sevor/sevor.o
 .debug_macro   0x000000000001f546       0x1c ./BSP/sevor/sevor.o
 .debug_macro   0x000000000001f562      0x12a ./BSP/sevor/sevor.o
 .debug_macro   0x000000000001f68c       0x10 ./BSP/sevor/sevor.o
 .debug_macro   0x000000000001f69c       0x1c ./BSP/sevor/sevor.o
 .debug_macro   0x000000000001f6b8       0x52 ./BSP/sevor/sevor.o
 .debug_macro   0x000000000001f70a       0x22 ./BSP/sevor/sevor.o
 .debug_macro   0x000000000001f72c       0x10 ./BSP/sevor/sevor.o
 .debug_macro   0x000000000001f73c       0x40 ./BSP/sevor/sevor.o
 .debug_macro   0x000000000001f77c       0xd5 ./BSP/sevor/sevor.o
 .debug_macro   0x000000000001f851       0x1c ./BSP/sevor/sevor.o
 .debug_macro   0x000000000001f86d       0x3d ./BSP/sevor/sevor.o
 .debug_macro   0x000000000001f8aa       0x16 ./BSP/sevor/sevor.o
 .debug_macro   0x000000000001f8c0      0x145 ./BSP/sevor/sevor.o
 .debug_macro   0x000000000001fa05      0x1a9 ./BSP/sevor/sevor.o
 .debug_macro   0x000000000001fbae      0x1e7 ./Core/Src/gpio.o
 .debug_macro   0x000000000001fd95      0x3ee ./Core/Src/main.o
 .debug_macro   0x0000000000020183       0x16 ./Core/Src/main.o
 .debug_macro   0x0000000000020199       0x20 ./Core/Src/main.o
 .debug_macro   0x00000000000201b9       0x22 ./Core/Src/main.o
 .debug_macro   0x00000000000201db       0x34 ./Core/Src/main.o
 .debug_macro   0x000000000002020f      0x1dd ./Core/Src/stm32f4xx_hal_msp.o
 .debug_macro   0x00000000000203ec      0x1e7 ./Core/Src/stm32f4xx_it.o
 .debug_macro   0x00000000000205d3       0xff ./Core/Src/sysmem.o
 .debug_macro   0x00000000000206d2      0x23b ./Core/Src/sysmem.o
 .debug_macro   0x000000000002090d      0x1ce ./Core/Src/system_stm32f4xx.o
 .debug_macro   0x0000000000020adb      0x1e7 ./Core/Src/tim.o
 .debug_macro   0x0000000000020cc2      0x1e7 ./Core/Src/usart.o
 .debug_macro   0x0000000000020ea9      0x22e ./Drivers/STM32F4xx_HAL_Driver/Src/stm32f4xx_hal.o
 .debug_macro   0x00000000000210d7      0x1ce ./Drivers/STM32F4xx_HAL_Driver/Src/stm32f4xx_hal_cortex.o
 .debug_macro   0x00000000000212a5      0x1d4 ./Drivers/STM32F4xx_HAL_Driver/Src/stm32f4xx_hal_dma.o
 .debug_macro   0x0000000000021479      0x1d4 ./Drivers/STM32F4xx_HAL_Driver/Src/stm32f4xx_hal_gpio.o
 .debug_macro   0x000000000002164d      0x1f2 ./Drivers/STM32F4xx_HAL_Driver/Src/stm32f4xx_hal_rcc.o
 .debug_macro   0x000000000002183f      0x1cf ./Drivers/STM32F4xx_HAL_Driver/Src/stm32f4xx_hal_tim.o
 .debug_macro   0x0000000000021a0e      0x1ce ./Drivers/STM32F4xx_HAL_Driver/Src/stm32f4xx_hal_tim_ex.o
 .debug_macro   0x0000000000021bdc      0x1cf ./Drivers/STM32F4xx_HAL_Driver/Src/stm32f4xx_hal_uart.o
 .debug_macro   0x0000000000021dab      0x1d8 ./icode/delay/delay.o
 .debug_macro   0x0000000000021f83      0x1ef ./icode/direct_m/direct_m.o
 .debug_macro   0x0000000000022172       0xfa ./icode/direct_m/direct_m.o
 .debug_macro   0x000000000002226c      0x1f9 ./icode/ele/ele.o
 .debug_macro   0x0000000000022465      0x34f ./icode/infrared/infrared.o
 .debug_macro   0x00000000000227b4       0x2e ./icode/infrared/infrared.o
 .debug_macro   0x00000000000227e2      0x1ef ./icode/motor/motor.o
 .debug_macro   0x00000000000229d1      0x355 ./icode/rubbish/rubbish.o
 .debug_macro   0x0000000000022d26      0x34b ./icode/tjc_usart/tjc_usart.o

.debug_line     0x0000000000000000    0x14162
 .debug_line    0x0000000000000000      0xc3e ./BSP/sevor/sevor.o
 .debug_line    0x0000000000000c3e      0x755 ./Core/Src/gpio.o
 .debug_line    0x0000000000001393      0xd4b ./Core/Src/main.o
 .debug_line    0x00000000000020de      0x6c6 ./Core/Src/stm32f4xx_hal_msp.o
 .debug_line    0x00000000000027a4      0x892 ./Core/Src/stm32f4xx_it.o
 .debug_line    0x0000000000003036      0x4f8 ./Core/Src/sysmem.o
 .debug_line    0x000000000000352e      0x748 ./Core/Src/system_stm32f4xx.o
 .debug_line    0x0000000000003c76      0x9a1 ./Core/Src/tim.o
 .debug_line    0x0000000000004617      0x80c ./Core/Src/usart.o
 .debug_line    0x0000000000004e23       0x88 ./Core/Startup/startup_stm32f407vetx.o
 .debug_line    0x0000000000004eab      0x9ae ./Drivers/STM32F4xx_HAL_Driver/Src/stm32f4xx_hal.o
 .debug_line    0x0000000000005859      0xc5d ./Drivers/STM32F4xx_HAL_Driver/Src/stm32f4xx_hal_cortex.o
 .debug_line    0x00000000000064b6      0xf13 ./Drivers/STM32F4xx_HAL_Driver/Src/stm32f4xx_hal_dma.o
 .debug_line    0x00000000000073c9      0xb24 ./Drivers/STM32F4xx_HAL_Driver/Src/stm32f4xx_hal_gpio.o
 .debug_line    0x0000000000007eed      0xd2a ./Drivers/STM32F4xx_HAL_Driver/Src/stm32f4xx_hal_rcc.o
 .debug_line    0x0000000000008c17     0x36a2 ./Drivers/STM32F4xx_HAL_Driver/Src/stm32f4xx_hal_tim.o
 .debug_line    0x000000000000c2b9     0x19ab ./Drivers/STM32F4xx_HAL_Driver/Src/stm32f4xx_hal_tim_ex.o
 .debug_line    0x000000000000dc64     0x2a35 ./Drivers/STM32F4xx_HAL_Driver/Src/stm32f4xx_hal_uart.o
 .debug_line    0x0000000000010699      0x6d4 ./icode/delay/delay.o
 .debug_line    0x0000000000010d6d      0x716 ./icode/direct_m/direct_m.o
 .debug_line    0x0000000000011483      0x7cd ./icode/ele/ele.o
 .debug_line    0x0000000000011c50      0x91a ./icode/infrared/infrared.o
 .debug_line    0x000000000001256a      0x7b7 ./icode/motor/motor.o
 .debug_line    0x0000000000012d21      0x906 ./icode/rubbish/rubbish.o
 .debug_line    0x0000000000013627      0xb3b ./icode/tjc_usart/tjc_usart.o

.debug_str      0x0000000000000000    0xcc723
 .debug_str     0x0000000000000000    0xc870d ./BSP/sevor/sevor.o
                                      0xc8b17 (size before relaxing)
 .debug_str     0x00000000000c870d      0x603 ./Core/Src/gpio.o
                                      0xc3ffd (size before relaxing)
 .debug_str     0x00000000000c8d10      0x605 ./Core/Src/main.o
                                      0xc8709 (size before relaxing)
 .debug_str     0x00000000000c9315       0x2c ./Core/Src/stm32f4xx_hal_msp.o
                                      0xc3a86 (size before relaxing)
 .debug_str     0x00000000000c9341      0x18d ./Core/Src/stm32f4xx_it.o
                                      0xc41fb (size before relaxing)
 .debug_str     0x00000000000c94ce      0x4e9 ./Core/Src/sysmem.o
                                       0x629e (size before relaxing)
 .debug_str     0x00000000000c99b7       0xaf ./Core/Src/system_stm32f4xx.o
                                      0xc3772 (size before relaxing)
 .debug_str     0x00000000000c9a66      0x1d9 ./Core/Src/tim.o
                                      0xc4702 (size before relaxing)
 .debug_str     0x00000000000c9c3f       0x7f ./Core/Src/usart.o
                                      0xc4498 (size before relaxing)
 .debug_str     0x00000000000c9cbe       0x36 ./Core/Startup/startup_stm32f407vetx.o
                                         0x6f (size before relaxing)
 .debug_str     0x00000000000c9cf4      0x58d ./Drivers/STM32F4xx_HAL_Driver/Src/stm32f4xx_hal.o
                                      0xc4254 (size before relaxing)
 .debug_str     0x00000000000ca281      0x399 ./Drivers/STM32F4xx_HAL_Driver/Src/stm32f4xx_hal_cortex.o
                                      0xc4043 (size before relaxing)
 .debug_str     0x00000000000ca61a      0x31d ./Drivers/STM32F4xx_HAL_Driver/Src/stm32f4xx_hal_dma.o
                                      0xc3b9c (size before relaxing)
 .debug_str     0x00000000000ca937      0x122 ./Drivers/STM32F4xx_HAL_Driver/Src/stm32f4xx_hal_gpio.o
                                      0xc3919 (size before relaxing)
 .debug_str     0x00000000000caa59      0x259 ./Drivers/STM32F4xx_HAL_Driver/Src/stm32f4xx_hal_rcc.o
                                      0xc3b74 (size before relaxing)
 .debug_str     0x00000000000cacb2      0xdbb ./Drivers/STM32F4xx_HAL_Driver/Src/stm32f4xx_hal_tim.o
                                      0xc4aa1 (size before relaxing)
 .debug_str     0x00000000000cba6d      0x45a ./Drivers/STM32F4xx_HAL_Driver/Src/stm32f4xx_hal_tim_ex.o
                                      0xc4252 (size before relaxing)
 .debug_str     0x00000000000cbec7      0x5ec ./Drivers/STM32F4xx_HAL_Driver/Src/stm32f4xx_hal_uart.o
                                      0xc40fa (size before relaxing)
 .debug_str     0x00000000000cc4b3       0x20 ./icode/delay/delay.o
                                      0xc35fd (size before relaxing)
 .debug_str     0x00000000000cc4d3       0x1d ./icode/direct_m/direct_m.o
                                      0xc3f2e (size before relaxing)
 .debug_str     0x00000000000cc4f0       0x13 ./icode/ele/ele.o
                                      0xc3f18 (size before relaxing)
 .debug_str     0x00000000000cc503       0x26 ./icode/infrared/infrared.o
                                      0xc7f56 (size before relaxing)
 .debug_str     0x00000000000cc529       0x7b ./icode/motor/motor.o
                                      0xc3f40 (size before relaxing)
 .debug_str     0x00000000000cc5a4       0x23 ./icode/rubbish/rubbish.o
                                      0xc7f50 (size before relaxing)
 .debug_str     0x00000000000cc5c7      0x15c ./icode/tjc_usart/tjc_usart.o
                                      0xc80a0 (size before relaxing)

.comment        0x0000000000000000       0x53
 .comment       0x0000000000000000       0x53 ./BSP/sevor/sevor.o
                                         0x54 (size before relaxing)
 .comment       0x0000000000000053       0x54 ./Core/Src/gpio.o
 .comment       0x0000000000000053       0x54 ./Core/Src/main.o
 .comment       0x0000000000000053       0x54 ./Core/Src/stm32f4xx_hal_msp.o
 .comment       0x0000000000000053       0x54 ./Core/Src/stm32f4xx_it.o
 .comment       0x0000000000000053       0x54 ./Core/Src/sysmem.o
 .comment       0x0000000000000053       0x54 ./Core/Src/system_stm32f4xx.o
 .comment       0x0000000000000053       0x54 ./Core/Src/tim.o
 .comment       0x0000000000000053       0x54 ./Core/Src/usart.o